[2026-05-19T14:46:20.157+0000] {local_task_job_runner.py:120} INFO - ::group::Pre task execution logs
[2026-05-19T14:46:20.176+0000] {taskinstance.py:2076} INFO - Dependencies all met for dep_context=non-requeueable deps ti=<TaskInstance: football_etl_pipeline.load_fixtures manual__2026-05-19T14:11:22.277882+00:00 [queued]>
[2026-05-19T14:46:20.184+0000] {taskinstance.py:2076} INFO - Dependencies all met for dep_context=requeueable deps ti=<TaskInstance: football_etl_pipeline.load_fixtures manual__2026-05-19T14:11:22.277882+00:00 [queued]>
[2026-05-19T14:46:20.184+0000] {taskinstance.py:2306} INFO - Starting attempt 1 of 1
[2026-05-19T14:46:20.199+0000] {taskinstance.py:2330} INFO - Executing <Task(BashOperator): load_fixtures> on 2026-05-19 14:11:22.277882+00:00
[2026-05-19T14:46:20.207+0000] {warnings.py:110} WARNING - /home/***/.local/lib/python3.12/site-packages/***/task/task_runner/standard_task_runner.py:61: DeprecationWarning: This process (pid=125) is multi-threaded, use of fork() may lead to deadlocks in the child.
  pid = os.fork()

[2026-05-19T14:46:20.209+0000] {standard_task_runner.py:63} INFO - Started process 127 to run task
[2026-05-19T14:46:20.209+0000] {standard_task_runner.py:90} INFO - Running: ['***', 'tasks', 'run', 'football_etl_pipeline', 'load_fixtures', 'manual__2026-05-19T14:11:22.277882+00:00', '--job-id', '34', '--raw', '--subdir', 'DAGS_FOLDER/football_etl_dag.py', '--cfg-path', '/tmp/tmprbhbwi27']
[2026-05-19T14:46:20.211+0000] {standard_task_runner.py:91} INFO - Job 34: Subtask load_fixtures
[2026-05-19T14:46:20.261+0000] {task_command.py:426} INFO - Running <TaskInstance: football_etl_pipeline.load_fixtures manual__2026-05-19T14:11:22.277882+00:00 [running]> on host ab5f3f5d4c31
[2026-05-19T14:46:20.351+0000] {taskinstance.py:2648} INFO - Exporting env vars: AIRFLOW_CTX_DAG_OWNER='***' AIRFLOW_CTX_DAG_ID='football_etl_pipeline' AIRFLOW_CTX_TASK_ID='load_fixtures' AIRFLOW_CTX_EXECUTION_DATE='2026-05-19T14:11:22.277882+00:00' AIRFLOW_CTX_TRY_NUMBER='1' AIRFLOW_CTX_DAG_RUN_ID='manual__2026-05-19T14:11:22.277882+00:00'
[2026-05-19T14:46:20.353+0000] {taskinstance.py:430} INFO - ::endgroup::
[2026-05-19T14:46:20.354+0000] {subprocess.py:63} INFO - Tmp dir root location: /tmp
[2026-05-19T14:46:20.356+0000] {subprocess.py:75} INFO - Running command: ['/usr/bin/bash', '-c', 'export PYTHONPATH=/opt/***/etl/load:$PYTHONPATH && python /opt/***/etl/load/load_fixture_data.py']
[2026-05-19T14:46:20.367+0000] {subprocess.py:86} INFO - Output:
[2026-05-19T14:46:39.851+0000] {subprocess.py:93} INFO - Inserted 380 rows
[2026-05-19T14:46:39.967+0000] {subprocess.py:97} INFO - Command exited with return code 0
[2026-05-19T14:46:39.969+0000] {taskinstance.py:441} INFO - ::group::Post task execution logs
[2026-05-19T14:46:40.002+0000] {taskinstance.py:1206} INFO - Marking task as SUCCESS. dag_id=football_etl_pipeline, task_id=load_fixtures, run_id=manual__2026-05-19T14:11:22.277882+00:00, execution_date=20260519T141122, start_date=20260519T144620, end_date=20260519T144640
[2026-05-19T14:46:40.023+0000] {local_task_job_runner.py:240} INFO - Task exited with return code 0
[2026-05-19T14:46:40.038+0000] {taskinstance.py:3498} INFO - 0 downstream tasks scheduled from follow-on schedule check
[2026-05-19T14:46:40.040+0000] {local_task_job_runner.py:222} INFO - ::endgroup::
