[2026-05-19T04:25:44.178+0000] {local_task_job_runner.py:120} INFO - ::group::Pre task execution logs
[2026-05-19T04:25:44.201+0000] {taskinstance.py:2076} INFO - Dependencies all met for dep_context=non-requeueable deps ti=<TaskInstance: football_etl_pipeline.transform_events manual__2026-05-19T04:25:28.129250+00:00 [queued]>
[2026-05-19T04:25:44.209+0000] {taskinstance.py:2076} INFO - Dependencies all met for dep_context=requeueable deps ti=<TaskInstance: football_etl_pipeline.transform_events manual__2026-05-19T04:25:28.129250+00:00 [queued]>
[2026-05-19T04:25:44.210+0000] {taskinstance.py:2306} INFO - Starting attempt 1 of 1
[2026-05-19T04:25:44.223+0000] {taskinstance.py:2330} INFO - Executing <Task(BashOperator): transform_events> on 2026-05-19 04:25:28.129250+00:00
[2026-05-19T04:25:44.230+0000] {warnings.py:110} WARNING - /home/***/.local/lib/python3.12/site-packages/***/task/task_runner/standard_task_runner.py:61: DeprecationWarning: This process (pid=812) is multi-threaded, use of fork() may lead to deadlocks in the child.
  pid = os.fork()

[2026-05-19T04:25:44.231+0000] {standard_task_runner.py:63} INFO - Started process 814 to run task
[2026-05-19T04:25:44.231+0000] {standard_task_runner.py:90} INFO - Running: ['***', 'tasks', 'run', 'football_etl_pipeline', 'transform_events', 'manual__2026-05-19T04:25:28.129250+00:00', '--job-id', '13', '--raw', '--subdir', 'DAGS_FOLDER/football_etl_dag.py', '--cfg-path', '/tmp/tmpw5acwza7']
[2026-05-19T04:25:44.234+0000] {standard_task_runner.py:91} INFO - Job 13: Subtask transform_events
[2026-05-19T04:25:44.282+0000] {task_command.py:426} INFO - Running <TaskInstance: football_etl_pipeline.transform_events manual__2026-05-19T04:25:28.129250+00:00 [running]> on host 1fc74b92fe5a
[2026-05-19T04:25:44.383+0000] {taskinstance.py:2648} INFO - Exporting env vars: AIRFLOW_CTX_DAG_OWNER='***' AIRFLOW_CTX_DAG_ID='football_etl_pipeline' AIRFLOW_CTX_TASK_ID='transform_events' AIRFLOW_CTX_EXECUTION_DATE='2026-05-19T04:25:28.129250+00:00' AIRFLOW_CTX_TRY_NUMBER='1' AIRFLOW_CTX_DAG_RUN_ID='manual__2026-05-19T04:25:28.129250+00:00'
[2026-05-19T04:25:44.388+0000] {taskinstance.py:430} INFO - ::endgroup::
[2026-05-19T04:25:44.389+0000] {subprocess.py:63} INFO - Tmp dir root location: /tmp
[2026-05-19T04:25:44.392+0000] {subprocess.py:75} INFO - Running command: ['/usr/bin/bash', '-c', 'jupyter nbconvert --execute --to notebook --inplace /opt/***/etl/transform/transform_event_data.ipynb']
[2026-05-19T04:25:44.406+0000] {subprocess.py:86} INFO - Output:
[2026-05-19T04:25:47.360+0000] {subprocess.py:93} INFO - [NbConvertApp] Converting notebook /opt/***/etl/transform/transform_event_data.ipynb to notebook
[2026-05-19T04:27:27.864+0000] {subprocess.py:93} INFO - IOStream.flush timed out
[2026-05-19T04:28:03.110+0000] {subprocess.py:93} INFO - IOStream.flush timed out
[2026-05-19T04:28:05.648+0000] {subprocess.py:93} INFO - Traceback (most recent call last):
[2026-05-19T04:28:05.651+0000] {subprocess.py:93} INFO -   File "/home/***/.local/bin/jupyter-nbconvert", line 8, in <module>
[2026-05-19T04:28:05.662+0000] {subprocess.py:93} INFO -     sys.exit(main())
[2026-05-19T04:28:05.664+0000] {subprocess.py:93} INFO -              ^^^^^^
[2026-05-19T04:28:05.665+0000] {subprocess.py:93} INFO -   File "/home/***/.local/lib/python3.12/site-packages/jupyter_core/application.py", line 284, in launch_instance
[2026-05-19T04:28:05.669+0000] {subprocess.py:93} INFO -     super().launch_instance(argv=argv, **kwargs)
[2026-05-19T04:28:05.675+0000] {subprocess.py:93} INFO -   File "/home/***/.local/lib/python3.12/site-packages/traitlets/config/application.py", line 1082, in launch_instance
[2026-05-19T04:28:05.679+0000] {subprocess.py:93} INFO -     app.start()
[2026-05-19T04:28:05.682+0000] {subprocess.py:93} INFO -   File "/home/***/.local/lib/python3.12/site-packages/nbconvert/nbconvertapp.py", line 420, in start
[2026-05-19T04:28:05.685+0000] {subprocess.py:93} INFO -     self.convert_notebooks()
[2026-05-19T04:28:05.687+0000] {subprocess.py:93} INFO -   File "/home/***/.local/lib/python3.12/site-packages/nbconvert/nbconvertapp.py", line 597, in convert_notebooks
[2026-05-19T04:28:05.689+0000] {subprocess.py:93} INFO -     self.convert_single_notebook(notebook_filename)
[2026-05-19T04:28:05.692+0000] {subprocess.py:93} INFO -   File "/home/***/.local/lib/python3.12/site-packages/nbconvert/nbconvertapp.py", line 563, in convert_single_notebook
[2026-05-19T04:28:05.693+0000] {subprocess.py:93} INFO -     output, resources = self.export_single_notebook(
[2026-05-19T04:28:05.696+0000] {subprocess.py:93} INFO -                         ^^^^^^^^^^^^^^^^^^^^^^^^^^^^
[2026-05-19T04:28:05.697+0000] {subprocess.py:93} INFO -   File "/home/***/.local/lib/python3.12/site-packages/nbconvert/nbconvertapp.py", line 487, in export_single_notebook
[2026-05-19T04:28:05.700+0000] {subprocess.py:93} INFO -     output, resources = self.exporter.from_filename(
[2026-05-19T04:28:05.703+0000] {subprocess.py:93} INFO -                         ^^^^^^^^^^^^^^^^^^^^^^^^^^^^
[2026-05-19T04:28:05.706+0000] {subprocess.py:93} INFO -   File "/home/***/.local/lib/python3.12/site-packages/nbconvert/exporters/exporter.py", line 201, in from_filename
[2026-05-19T04:28:05.709+0000] {subprocess.py:93} INFO -     return self.from_file(f, resources=resources, **kw)
[2026-05-19T04:28:05.712+0000] {subprocess.py:93} INFO -            ^^^^^^^^^^^^^^^^^^^^^^^^^^^^^^^^^^^^^^^^^^^^
[2026-05-19T04:28:05.713+0000] {subprocess.py:93} INFO -   File "/home/***/.local/lib/python3.12/site-packages/nbconvert/exporters/exporter.py", line 220, in from_file
[2026-05-19T04:28:05.715+0000] {subprocess.py:93} INFO -     return self.from_notebook_node(
[2026-05-19T04:28:05.717+0000] {subprocess.py:93} INFO -            ^^^^^^^^^^^^^^^^^^^^^^^^
[2026-05-19T04:28:05.720+0000] {subprocess.py:93} INFO -   File "/home/***/.local/lib/python3.12/site-packages/nbconvert/exporters/notebook.py", line 36, in from_notebook_node
[2026-05-19T04:28:05.722+0000] {subprocess.py:93} INFO -     nb_copy, resources = super().from_notebook_node(nb, resources, **kw)
[2026-05-19T04:28:05.724+0000] {subprocess.py:93} INFO -                          ^^^^^^^^^^^^^^^^^^^^^^^^^^^^^^^^^^^^^^^^^^^^^^^
[2026-05-19T04:28:05.726+0000] {subprocess.py:93} INFO -   File "/home/***/.local/lib/python3.12/site-packages/nbconvert/exporters/exporter.py", line 154, in from_notebook_node
[2026-05-19T04:28:05.727+0000] {subprocess.py:93} INFO -     nb_copy, resources = self._preprocess(nb_copy, resources)
[2026-05-19T04:28:05.729+0000] {subprocess.py:93} INFO -                          ^^^^^^^^^^^^^^^^^^^^^^^^^^^^^^^^^^^^
[2026-05-19T04:28:05.730+0000] {subprocess.py:93} INFO -   File "/home/***/.local/lib/python3.12/site-packages/nbconvert/exporters/exporter.py", line 353, in _preprocess
[2026-05-19T04:28:05.732+0000] {subprocess.py:93} INFO -     nbc, resc = preprocessor(nbc, resc)
[2026-05-19T04:28:05.738+0000] {subprocess.py:93} INFO -                 ^^^^^^^^^^^^^^^^^^^^^^^
[2026-05-19T04:28:05.742+0000] {subprocess.py:93} INFO -   File "/home/***/.local/lib/python3.12/site-packages/nbconvert/preprocessors/base.py", line 48, in __call__
[2026-05-19T04:28:05.743+0000] {subprocess.py:93} INFO -     return self.preprocess(nb, resources)
[2026-05-19T04:28:05.744+0000] {subprocess.py:93} INFO -            ^^^^^^^^^^^^^^^^^^^^^^^^^^^^^^
[2026-05-19T04:28:05.745+0000] {subprocess.py:93} INFO -   File "/home/***/.local/lib/python3.12/site-packages/nbconvert/preprocessors/execute.py", line 103, in preprocess
[2026-05-19T04:28:05.748+0000] {subprocess.py:93} INFO -     self.preprocess_cell(cell, resources, index)
[2026-05-19T04:28:05.752+0000] {subprocess.py:93} INFO -   File "/home/***/.local/lib/python3.12/site-packages/nbconvert/preprocessors/execute.py", line 124, in preprocess_cell
[2026-05-19T04:28:05.754+0000] {subprocess.py:93} INFO -     cell = self.execute_cell(cell, index, store_history=True)
[2026-05-19T04:28:05.756+0000] {subprocess.py:93} INFO -            ^^^^^^^^^^^^^^^^^^^^^^^^^^^^^^^^^^^^^^^^^^^^^^^^^^
[2026-05-19T04:28:05.757+0000] {subprocess.py:93} INFO -   File "/home/***/.local/lib/python3.12/site-packages/jupyter_core/utils/__init__.py", line 165, in wrapped
[2026-05-19T04:28:05.764+0000] {subprocess.py:93} INFO -     return loop.run_until_complete(inner)
[2026-05-19T04:28:05.766+0000] {subprocess.py:93} INFO -            ^^^^^^^^^^^^^^^^^^^^^^^^^^^^^^
[2026-05-19T04:28:05.768+0000] {subprocess.py:93} INFO -   File "/usr/local/lib/python3.12/asyncio/base_events.py", line 687, in run_until_complete
[2026-05-19T04:28:05.771+0000] {subprocess.py:93} INFO -     return future.result()
[2026-05-19T04:28:05.782+0000] {subprocess.py:93} INFO -            ^^^^^^^^^^^^^^^
[2026-05-19T04:28:05.787+0000] {subprocess.py:93} INFO -   File "/home/***/.local/lib/python3.12/site-packages/nbclient/client.py", line 1062, in async_execute_cell
[2026-05-19T04:28:05.790+0000] {subprocess.py:93} INFO -     await self._check_raise_for_error(cell, cell_index, exec_reply)
[2026-05-19T04:28:05.791+0000] {subprocess.py:93} INFO -   File "/home/***/.local/lib/python3.12/site-packages/nbclient/client.py", line 918, in _check_raise_for_error
[2026-05-19T04:28:05.793+0000] {subprocess.py:93} INFO -     raise CellExecutionError.from_cell_and_msg(cell, exec_reply_content)
[2026-05-19T04:28:05.795+0000] {subprocess.py:93} INFO - nbclient.exceptions.CellExecutionError: An error occurred while executing the following cell:
[2026-05-19T04:28:05.797+0000] {subprocess.py:93} INFO - ------------------
[2026-05-19T04:28:05.799+0000] {subprocess.py:93} INFO - event_type = []
[2026-05-19T04:28:05.801+0000] {subprocess.py:93} INFO - event_id = 1
[2026-05-19T04:28:05.802+0000] {subprocess.py:93} INFO - player_id = []
[2026-05-19T04:28:05.803+0000] {subprocess.py:93} INFO - player_data = []
[2026-05-19T04:28:05.805+0000] {subprocess.py:93} INFO - for raw in raw_data:
[2026-05-19T04:28:05.810+0000] {subprocess.py:93} INFO -     event_in_fixture = raw["data"]["response"]
[2026-05-19T04:28:05.812+0000] {subprocess.py:93} INFO -     fixture_id = int(raw["data"]["parameters"]["fixture"])
[2026-05-19T04:28:05.818+0000] {subprocess.py:93} INFO -     for event in event_in_fixture:
[2026-05-19T04:28:05.823+0000] {subprocess.py:93} INFO -         if event["type"] == "Card":
[2026-05-19T04:28:05.825+0000] {subprocess.py:93} INFO -             card_event.append({
[2026-05-19T04:28:05.828+0000] {subprocess.py:93} INFO -                 "event_id" : event_id,
[2026-05-19T04:28:05.831+0000] {subprocess.py:93} INFO -                 "fixture_id" : fixture_id,
[2026-05-19T04:28:05.832+0000] {subprocess.py:93} INFO -                 "team_id": event["team"]["id"],
[2026-05-19T04:28:05.833+0000] {subprocess.py:93} INFO -                 "player_id" : event["player"]["id"],
[2026-05-19T04:28:05.836+0000] {subprocess.py:93} INFO -                 "player_name": event["player"]["name"],
[2026-05-19T04:28:05.838+0000] {subprocess.py:93} INFO -                 "minute" : event["time"]["elapsed"] + (event["time"]["extra"] or 0),
[2026-05-19T04:28:05.839+0000] {subprocess.py:93} INFO -                 "detail" : event["detail"]
[2026-05-19T04:28:05.843+0000] {subprocess.py:93} INFO -             })
[2026-05-19T04:28:05.845+0000] {subprocess.py:93} INFO -         elif event["type"] == "subst":
[2026-05-19T04:28:05.849+0000] {subprocess.py:93} INFO -             subst_event.append({
[2026-05-19T04:28:05.852+0000] {subprocess.py:93} INFO -                 "event_id" : event_id,
[2026-05-19T04:28:05.853+0000] {subprocess.py:93} INFO -                 "fixture_id" : fixture_id,
[2026-05-19T04:28:05.854+0000] {subprocess.py:93} INFO -                 "team_id": event["team"]["id"],
[2026-05-19T04:28:05.856+0000] {subprocess.py:93} INFO -                 "player_in_id" : event["player"]["id"],
[2026-05-19T04:28:05.860+0000] {subprocess.py:93} INFO -                 "player_in_name": event["player"]["name"],
[2026-05-19T04:28:05.864+0000] {subprocess.py:93} INFO -                 "player_out_id": event["assist"]["id"],
[2026-05-19T04:28:05.869+0000] {subprocess.py:93} INFO -                 "player_out_name": event["assist"]["name"],
[2026-05-19T04:28:05.873+0000] {subprocess.py:93} INFO -                 "minute" : event["time"]["elapsed"] + (event["time"]["extra"] or 0),
[2026-05-19T04:28:05.874+0000] {subprocess.py:93} INFO -                 "detail" : event["detail"]
[2026-05-19T04:28:05.876+0000] {subprocess.py:93} INFO -             })
[2026-05-19T04:28:05.879+0000] {subprocess.py:93} INFO -         elif event["type"] == "Goal":
[2026-05-19T04:28:05.880+0000] {subprocess.py:93} INFO -             goal_event.append({
[2026-05-19T04:28:05.881+0000] {subprocess.py:93} INFO -                 "event_id" : event_id,
[2026-05-19T04:28:05.885+0000] {subprocess.py:93} INFO -                 "fixture_id" : fixture_id,
[2026-05-19T04:28:05.887+0000] {subprocess.py:93} INFO -                 "team_id": event["team"]["id"],
[2026-05-19T04:28:05.888+0000] {subprocess.py:93} INFO -                 "player_score_id" : event["player"]["id"],
[2026-05-19T04:28:05.888+0000] {subprocess.py:93} INFO -                 "player_score_name" : event["player"]["name"],
[2026-05-19T04:28:05.892+0000] {subprocess.py:93} INFO -                 "player_assist_id" : event["assist"]["id"],
[2026-05-19T04:28:05.893+0000] {subprocess.py:93} INFO -                 "player_assist_name" : event["assist"]["name"],
[2026-05-19T04:28:05.899+0000] {subprocess.py:93} INFO -                 "minute" : event["time"]["elapsed"] + (event["time"]["extra"] or 0),
[2026-05-19T04:28:05.901+0000] {subprocess.py:93} INFO -                 "detail" : event["detail"]
[2026-05-19T04:28:05.902+0000] {subprocess.py:93} INFO -             })
[2026-05-19T04:28:05.903+0000] {subprocess.py:93} INFO -         else:
[2026-05-19T04:28:05.905+0000] {subprocess.py:93} INFO -             var_event.append({
[2026-05-19T04:28:05.906+0000] {subprocess.py:93} INFO -                 "event_id" : event_id,
[2026-05-19T04:28:05.907+0000] {subprocess.py:93} INFO -                 "fixture_id" : fixture_id,
[2026-05-19T04:28:05.908+0000] {subprocess.py:93} INFO -                 "team_id": event["team"]["id"],
[2026-05-19T04:28:05.921+0000] {subprocess.py:93} INFO -                 "player_id" : event["player"]["id"],
[2026-05-19T04:28:05.922+0000] {subprocess.py:93} INFO -                 "player_name": event["player"]["name"],
[2026-05-19T04:28:05.924+0000] {subprocess.py:93} INFO -                 "minute" : event["time"]["elapsed"] + (event["time"]["extra"] or 0),
[2026-05-19T04:28:05.926+0000] {subprocess.py:93} INFO -                 "detail" : event["detail"]
[2026-05-19T04:28:05.936+0000] {subprocess.py:93} INFO -             })
[2026-05-19T04:28:05.941+0000] {subprocess.py:93} INFO -         event_id += 1
[2026-05-19T04:28:05.943+0000] {subprocess.py:93} INFO - ------------------
[2026-05-19T04:28:05.946+0000] {subprocess.py:93} INFO - 
[2026-05-19T04:28:05.955+0000] {subprocess.py:93} INFO - 
[2026-05-19T04:28:05.963+0000] {subprocess.py:93} INFO - [31m---------------------------------------------------------------------------[39m
[2026-05-19T04:28:05.965+0000] {subprocess.py:93} INFO - [31mKeyError[39m                                  Traceback (most recent call last)
[2026-05-19T04:28:05.968+0000] {subprocess.py:93} INFO - [36mCell[39m[36m [39m[32mIn[5][39m[32m, line 6[39m
[2026-05-19T04:28:05.970+0000] {subprocess.py:93} INFO - [32m      2[39m event_id = [32m1[39m
[2026-05-19T04:28:05.971+0000] {subprocess.py:93} INFO - [32m      3[39m player_id = []
[2026-05-19T04:28:05.977+0000] {subprocess.py:93} INFO - [32m      4[39m player_data = []
[2026-05-19T04:28:05.978+0000] {subprocess.py:93} INFO - [32m      5[39m [38;5;28;01mfor[39;00m raw [38;5;28;01min[39;00m raw_data:
[2026-05-19T04:28:05.979+0000] {subprocess.py:93} INFO - [32m----> [39m[32m6[39m     event_in_fixture = raw[[33m"data"[39m][[33m"response"[39m]
[2026-05-19T04:28:05.981+0000] {subprocess.py:93} INFO - [32m      7[39m     fixture_id = int(raw[[33m"data"[39m][[33m"parameters"[39m][[33m"fixture"[39m])
[2026-05-19T04:28:05.983+0000] {subprocess.py:93} INFO - [32m      8[39m     [38;5;28;01mfor[39;00m event [38;5;28;01min[39;00m event_in_fixture:
[2026-05-19T04:28:05.984+0000] {subprocess.py:93} INFO - [32m      9[39m         [38;5;28;01mif[39;00m event[[33m"type"[39m] == [33m"Card"[39m:
[2026-05-19T04:28:05.985+0000] {subprocess.py:93} INFO - 
[2026-05-19T04:28:05.991+0000] {subprocess.py:93} INFO - [31mKeyError[39m: 'data'
[2026-05-19T04:28:05.992+0000] {subprocess.py:93} INFO - 
[2026-05-19T04:28:06.800+0000] {subprocess.py:97} INFO - Command exited with return code 1
[2026-05-19T04:28:06.813+0000] {taskinstance.py:441} INFO - ::group::Post task execution logs
[2026-05-19T04:28:06.949+0000] {taskinstance.py:2905} ERROR - Task failed with exception
Traceback (most recent call last):
  File "/home/airflow/.local/lib/python3.12/site-packages/airflow/models/taskinstance.py", line 465, in _execute_task
    result = _execute_callable(context=context, **execute_callable_kwargs)
             ^^^^^^^^^^^^^^^^^^^^^^^^^^^^^^^^^^^^^^^^^^^^^^^^^^^^^^^^^^^^^
  File "/home/airflow/.local/lib/python3.12/site-packages/airflow/models/taskinstance.py", line 432, in _execute_callable
    return execute_callable(context=context, **execute_callable_kwargs)
           ^^^^^^^^^^^^^^^^^^^^^^^^^^^^^^^^^^^^^^^^^^^^^^^^^^^^^^^^^^^^
  File "/home/airflow/.local/lib/python3.12/site-packages/airflow/models/baseoperator.py", line 400, in wrapper
    return func(self, *args, **kwargs)
           ^^^^^^^^^^^^^^^^^^^^^^^^^^^
  File "/home/airflow/.local/lib/python3.12/site-packages/airflow/operators/bash.py", line 243, in execute
    raise AirflowException(
airflow.exceptions.AirflowException: Bash command failed. The command returned a non-zero exit code 1.
[2026-05-19T04:28:06.983+0000] {taskinstance.py:1206} INFO - Marking task as FAILED. dag_id=football_etl_pipeline, task_id=transform_events, run_id=manual__2026-05-19T04:25:28.129250+00:00, execution_date=20260519T042528, start_date=20260519T042544, end_date=20260519T042806
[2026-05-19T04:28:07.058+0000] {standard_task_runner.py:110} ERROR - Failed to execute job 13 for task transform_events (Bash command failed. The command returned a non-zero exit code 1.; 814)
[2026-05-19T04:28:07.087+0000] {local_task_job_runner.py:240} INFO - Task exited with return code 1
[2026-05-19T04:28:07.162+0000] {taskinstance.py:3498} INFO - 0 downstream tasks scheduled from follow-on schedule check
[2026-05-19T04:28:07.169+0000] {local_task_job_runner.py:222} INFO - ::endgroup::
