[2026-05-19T04:33:37.325+0000] {local_task_job_runner.py:120} INFO - ::group::Pre task execution logs
[2026-05-19T04:33:37.355+0000] {taskinstance.py:2076} INFO - Dependencies all met for dep_context=non-requeueable deps ti=<TaskInstance: football_etl_pipeline.transform_events manual__2026-05-19T04:25:28.129250+00:00 [queued]>
[2026-05-19T04:33:37.369+0000] {taskinstance.py:2076} INFO - Dependencies all met for dep_context=requeueable deps ti=<TaskInstance: football_etl_pipeline.transform_events manual__2026-05-19T04:25:28.129250+00:00 [queued]>
[2026-05-19T04:33:37.370+0000] {taskinstance.py:2306} INFO - Starting attempt 2 of 2
[2026-05-19T04:33:37.382+0000] {taskinstance.py:2330} INFO - Executing <Task(BashOperator): transform_events> on 2026-05-19 04:25:28.129250+00:00
[2026-05-19T04:33:37.391+0000] {warnings.py:110} WARNING - /home/***/.local/lib/python3.12/site-packages/***/task/task_runner/standard_task_runner.py:61: DeprecationWarning: This process (pid=953) is multi-threaded, use of fork() may lead to deadlocks in the child.
  pid = os.fork()

[2026-05-19T04:33:37.395+0000] {standard_task_runner.py:63} INFO - Started process 955 to run task
[2026-05-19T04:33:37.395+0000] {standard_task_runner.py:90} INFO - Running: ['***', 'tasks', 'run', 'football_etl_pipeline', 'transform_events', 'manual__2026-05-19T04:25:28.129250+00:00', '--job-id', '14', '--raw', '--subdir', 'DAGS_FOLDER/football_etl_dag.py', '--cfg-path', '/tmp/tmp0wjkiywz']
[2026-05-19T04:33:37.399+0000] {standard_task_runner.py:91} INFO - Job 14: Subtask transform_events
[2026-05-19T04:33:37.447+0000] {task_command.py:426} INFO - Running <TaskInstance: football_etl_pipeline.transform_events manual__2026-05-19T04:25:28.129250+00:00 [running]> on host 1fc74b92fe5a
[2026-05-19T04:33:37.525+0000] {taskinstance.py:2648} INFO - Exporting env vars: AIRFLOW_CTX_DAG_OWNER='***' AIRFLOW_CTX_DAG_ID='football_etl_pipeline' AIRFLOW_CTX_TASK_ID='transform_events' AIRFLOW_CTX_EXECUTION_DATE='2026-05-19T04:25:28.129250+00:00' AIRFLOW_CTX_TRY_NUMBER='2' AIRFLOW_CTX_DAG_RUN_ID='manual__2026-05-19T04:25:28.129250+00:00'
[2026-05-19T04:33:37.527+0000] {taskinstance.py:430} INFO - ::endgroup::
[2026-05-19T04:33:37.533+0000] {subprocess.py:63} INFO - Tmp dir root location: /tmp
[2026-05-19T04:33:37.534+0000] {subprocess.py:75} INFO - Running command: ['/usr/bin/bash', '-c', 'jupyter nbconvert --execute --to notebook --inplace /opt/***/etl/transform/transform_event_data.ipynb']
[2026-05-19T04:33:37.551+0000] {subprocess.py:86} INFO - Output:
[2026-05-19T04:33:40.215+0000] {subprocess.py:93} INFO - [NbConvertApp] Converting notebook /opt/***/etl/transform/transform_event_data.ipynb to notebook
[2026-05-19T04:33:44.965+0000] {subprocess.py:93} INFO - [NbConvertApp] Writing 1174127 bytes to /opt/***/etl/transform/transform_event_data.ipynb
[2026-05-19T04:33:45.219+0000] {subprocess.py:97} INFO - Command exited with return code 0
[2026-05-19T04:33:45.221+0000] {taskinstance.py:441} INFO - ::group::Post task execution logs
[2026-05-19T04:33:45.248+0000] {taskinstance.py:1206} INFO - Marking task as SUCCESS. dag_id=football_etl_pipeline, task_id=transform_events, run_id=manual__2026-05-19T04:25:28.129250+00:00, execution_date=20260519T042528, start_date=20260519T043337, end_date=20260519T043345
[2026-05-19T04:33:45.273+0000] {local_task_job_runner.py:240} INFO - Task exited with return code 0
[2026-05-19T04:33:45.308+0000] {taskinstance.py:3498} INFO - 1 downstream tasks scheduled from follow-on schedule check
[2026-05-19T04:33:45.311+0000] {local_task_job_runner.py:222} INFO - ::endgroup::
