[2026-05-19T06:11:37.947+0000] {local_task_job_runner.py:120} INFO - ::group::Pre task execution logs
[2026-05-19T06:11:37.977+0000] {taskinstance.py:2076} INFO - Dependencies all met for dep_context=non-requeueable deps ti=<TaskInstance: football_etl_pipeline.transform_events manual__2026-05-19T06:10:35.279845+00:00 [queued]>
[2026-05-19T06:11:37.986+0000] {taskinstance.py:2076} INFO - Dependencies all met for dep_context=requeueable deps ti=<TaskInstance: football_etl_pipeline.transform_events manual__2026-05-19T06:10:35.279845+00:00 [queued]>
[2026-05-19T06:11:37.987+0000] {taskinstance.py:2306} INFO - Starting attempt 1 of 1
[2026-05-19T06:11:38.007+0000] {taskinstance.py:2330} INFO - Executing <Task(BashOperator): transform_events> on 2026-05-19 06:10:35.279845+00:00
[2026-05-19T06:11:38.024+0000] {warnings.py:110} WARNING - /home/***/.local/lib/python3.12/site-packages/***/task/task_runner/standard_task_runner.py:61: DeprecationWarning: This process (pid=2203) is multi-threaded, use of fork() may lead to deadlocks in the child.
  pid = os.fork()

[2026-05-19T06:11:38.023+0000] {standard_task_runner.py:90} INFO - Running: ['***', 'tasks', 'run', 'football_etl_pipeline', 'transform_events', 'manual__2026-05-19T06:10:35.279845+00:00', '--job-id', '27', '--raw', '--subdir', 'DAGS_FOLDER/football_etl_dag.py', '--cfg-path', '/tmp/tmpne6cmh7w']
[2026-05-19T06:11:38.026+0000] {standard_task_runner.py:63} INFO - Started process 2205 to run task
[2026-05-19T06:11:38.026+0000] {standard_task_runner.py:91} INFO - Job 27: Subtask transform_events
[2026-05-19T06:11:38.092+0000] {task_command.py:426} INFO - Running <TaskInstance: football_etl_pipeline.transform_events manual__2026-05-19T06:10:35.279845+00:00 [running]> on host 1fc74b92fe5a
[2026-05-19T06:11:38.193+0000] {taskinstance.py:2648} INFO - Exporting env vars: AIRFLOW_CTX_DAG_OWNER='***' AIRFLOW_CTX_DAG_ID='football_etl_pipeline' AIRFLOW_CTX_TASK_ID='transform_events' AIRFLOW_CTX_EXECUTION_DATE='2026-05-19T06:10:35.279845+00:00' AIRFLOW_CTX_TRY_NUMBER='1' AIRFLOW_CTX_DAG_RUN_ID='manual__2026-05-19T06:10:35.279845+00:00'
[2026-05-19T06:11:38.195+0000] {taskinstance.py:430} INFO - ::endgroup::
[2026-05-19T06:11:38.201+0000] {subprocess.py:63} INFO - Tmp dir root location: /tmp
[2026-05-19T06:11:38.203+0000] {subprocess.py:75} INFO - Running command: ['/usr/bin/bash', '-c', 'jupyter nbconvert --execute --to notebook --inplace /opt/***/etl/transform/transform_event_data.ipynb']
[2026-05-19T06:11:38.219+0000] {subprocess.py:86} INFO - Output:
[2026-05-19T06:11:40.983+0000] {subprocess.py:93} INFO - [NbConvertApp] Converting notebook /opt/***/etl/transform/transform_event_data.ipynb to notebook
[2026-05-19T06:11:45.663+0000] {subprocess.py:93} INFO - [NbConvertApp] Writing 1174039 bytes to /opt/***/etl/transform/transform_event_data.ipynb
[2026-05-19T06:11:45.917+0000] {subprocess.py:97} INFO - Command exited with return code 0
[2026-05-19T06:11:45.919+0000] {taskinstance.py:441} INFO - ::group::Post task execution logs
[2026-05-19T06:11:45.954+0000] {taskinstance.py:1206} INFO - Marking task as SUCCESS. dag_id=football_etl_pipeline, task_id=transform_events, run_id=manual__2026-05-19T06:10:35.279845+00:00, execution_date=20260519T061035, start_date=20260519T061137, end_date=20260519T061145
[2026-05-19T06:11:45.977+0000] {local_task_job_runner.py:240} INFO - Task exited with return code 0
[2026-05-19T06:11:45.999+0000] {taskinstance.py:3498} INFO - 1 downstream tasks scheduled from follow-on schedule check
[2026-05-19T06:11:46.002+0000] {local_task_job_runner.py:222} INFO - ::endgroup::
