[2026-05-19T03:46:22.796+0000] {local_task_job_runner.py:120} INFO - ::group::Pre task execution logs
[2026-05-19T03:46:22.924+0000] {taskinstance.py:2076} INFO - Dependencies all met for dep_context=non-requeueable deps ti=<TaskInstance: football_etl_pipeline.extract_events scheduled__2026-05-18T00:00:00+00:00 [queued]>
[2026-05-19T03:46:22.967+0000] {taskinstance.py:2076} INFO - Dependencies all met for dep_context=requeueable deps ti=<TaskInstance: football_etl_pipeline.extract_events scheduled__2026-05-18T00:00:00+00:00 [queued]>
[2026-05-19T03:46:22.968+0000] {taskinstance.py:2306} INFO - Starting attempt 1 of 1
[2026-05-19T03:46:22.997+0000] {taskinstance.py:2330} INFO - Executing <Task(BashOperator): extract_events> on 2026-05-18 00:00:00+00:00
[2026-05-19T03:46:23.104+0000] {warnings.py:110} WARNING - /home/***/.local/lib/python3.12/site-packages/***/task/task_runner/standard_task_runner.py:61: DeprecationWarning: This process (pid=117) is multi-threaded, use of fork() may lead to deadlocks in the child.
  pid = os.fork()

[2026-05-19T03:46:23.117+0000] {standard_task_runner.py:90} INFO - Running: ['***', 'tasks', 'run', 'football_etl_pipeline', 'extract_events', 'scheduled__2026-05-18T00:00:00+00:00', '--job-id', '3', '--raw', '--subdir', 'DAGS_FOLDER/football_etl_dag.py', '--cfg-path', '/tmp/tmpuf8imwqz']
[2026-05-19T03:46:23.123+0000] {standard_task_runner.py:63} INFO - Started process 126 to run task
[2026-05-19T03:46:23.123+0000] {standard_task_runner.py:91} INFO - Job 3: Subtask extract_events
[2026-05-19T03:46:23.502+0000] {task_command.py:426} INFO - Running <TaskInstance: football_etl_pipeline.extract_events scheduled__2026-05-18T00:00:00+00:00 [running]> on host 1fc74b92fe5a
[2026-05-19T03:46:23.646+0000] {taskinstance.py:2648} INFO - Exporting env vars: AIRFLOW_CTX_DAG_OWNER='***' AIRFLOW_CTX_DAG_ID='football_etl_pipeline' AIRFLOW_CTX_TASK_ID='extract_events' AIRFLOW_CTX_EXECUTION_DATE='2026-05-18T00:00:00+00:00' AIRFLOW_CTX_TRY_NUMBER='1' AIRFLOW_CTX_DAG_RUN_ID='scheduled__2026-05-18T00:00:00+00:00'
[2026-05-19T03:46:23.648+0000] {taskinstance.py:430} INFO - ::endgroup::
[2026-05-19T03:46:23.655+0000] {subprocess.py:63} INFO - Tmp dir root location: /tmp
[2026-05-19T03:46:23.657+0000] {subprocess.py:75} INFO - Running command: ['/usr/bin/bash', '-c', 'export PYTHONPATH=/opt/***/etl/extract:$PYTHONPATH && python /opt/***/etl/extract/extract_events.py']
[2026-05-19T03:46:23.765+0000] {subprocess.py:86} INFO - Output:
[2026-05-19T03:46:24.929+0000] {subprocess.py:93} INFO - Traceback (most recent call last):
[2026-05-19T03:46:24.931+0000] {subprocess.py:93} INFO -   File "/opt/***/etl/extract/extract_events.py", line 103, in <module>
[2026-05-19T03:46:24.935+0000] {subprocess.py:93} INFO -     extract_events()
[2026-05-19T03:46:24.936+0000] {subprocess.py:93} INFO -   File "/opt/***/etl/extract/extract_events.py", line 67, in extract_events
[2026-05-19T03:46:24.947+0000] {subprocess.py:93} INFO -     fixture_ids = load_fixture_ids()
[2026-05-19T03:46:24.948+0000] {subprocess.py:93} INFO -                   ^^^^^^^^^^^^^^^^^^
[2026-05-19T03:46:24.948+0000] {subprocess.py:93} INFO -   File "/opt/***/etl/extract/extract_events.py", line 12, in load_fixture_ids
[2026-05-19T03:46:24.950+0000] {subprocess.py:93} INFO -     with open(OUTPUT_DIR / "fixtures.json", "r", encoding="utf-8") as f:
[2026-05-19T03:46:24.952+0000] {subprocess.py:93} INFO -          ^^^^^^^^^^^^^^^^^^^^^^^^^^^^^^^^^^^^^^^^^^^^^^^^^^^^^^^^^
[2026-05-19T03:46:24.959+0000] {subprocess.py:93} INFO - FileNotFoundError: [Errno 2] No such file or directory: '/opt/***/etl/output/fixtures.json'
[2026-05-19T03:46:25.032+0000] {subprocess.py:97} INFO - Command exited with return code 1
[2026-05-19T03:46:25.034+0000] {taskinstance.py:441} INFO - ::group::Post task execution logs
[2026-05-19T03:46:25.047+0000] {taskinstance.py:2905} ERROR - Task failed with exception
Traceback (most recent call last):
  File "/home/airflow/.local/lib/python3.12/site-packages/airflow/models/taskinstance.py", line 465, in _execute_task
    result = _execute_callable(context=context, **execute_callable_kwargs)
             ^^^^^^^^^^^^^^^^^^^^^^^^^^^^^^^^^^^^^^^^^^^^^^^^^^^^^^^^^^^^^
  File "/home/airflow/.local/lib/python3.12/site-packages/airflow/models/taskinstance.py", line 432, in _execute_callable
    return execute_callable(context=context, **execute_callable_kwargs)
           ^^^^^^^^^^^^^^^^^^^^^^^^^^^^^^^^^^^^^^^^^^^^^^^^^^^^^^^^^^^^
  File "/home/airflow/.local/lib/python3.12/site-packages/airflow/models/baseoperator.py", line 400, in wrapper
    return func(self, *args, **kwargs)
           ^^^^^^^^^^^^^^^^^^^^^^^^^^^
  File "/home/airflow/.local/lib/python3.12/site-packages/airflow/operators/bash.py", line 243, in execute
    raise AirflowException(
airflow.exceptions.AirflowException: Bash command failed. The command returned a non-zero exit code 1.
[2026-05-19T03:46:25.055+0000] {taskinstance.py:1206} INFO - Marking task as FAILED. dag_id=football_etl_pipeline, task_id=extract_events, run_id=scheduled__2026-05-18T00:00:00+00:00, execution_date=20260518T000000, start_date=20260519T034622, end_date=20260519T034625
[2026-05-19T03:46:25.077+0000] {standard_task_runner.py:110} ERROR - Failed to execute job 3 for task extract_events (Bash command failed. The command returned a non-zero exit code 1.; 126)
[2026-05-19T03:46:25.087+0000] {local_task_job_runner.py:240} INFO - Task exited with return code 1
[2026-05-19T03:46:25.112+0000] {taskinstance.py:3498} INFO - 0 downstream tasks scheduled from follow-on schedule check
[2026-05-19T03:46:25.118+0000] {local_task_job_runner.py:222} INFO - ::endgroup::
