[2026-05-19T14:46:11.299+0000] {local_task_job_runner.py:120} INFO - ::group::Pre task execution logs
[2026-05-19T14:46:11.319+0000] {taskinstance.py:2076} INFO - Dependencies all met for dep_context=non-requeueable deps ti=<TaskInstance: football_etl_pipeline.transform_fixtures manual__2026-05-19T14:11:22.277882+00:00 [queued]>
[2026-05-19T14:46:11.327+0000] {taskinstance.py:2076} INFO - Dependencies all met for dep_context=requeueable deps ti=<TaskInstance: football_etl_pipeline.transform_fixtures manual__2026-05-19T14:11:22.277882+00:00 [queued]>
[2026-05-19T14:46:11.328+0000] {taskinstance.py:2306} INFO - Starting attempt 1 of 1
[2026-05-19T14:46:11.346+0000] {taskinstance.py:2330} INFO - Executing <Task(BashOperator): transform_fixtures> on 2026-05-19 14:11:22.277882+00:00
[2026-05-19T14:46:11.356+0000] {warnings.py:110} WARNING - /home/***/.local/lib/python3.12/site-packages/***/task/task_runner/standard_task_runner.py:61: DeprecationWarning: This process (pid=100) is multi-threaded, use of fork() may lead to deadlocks in the child.
  pid = os.fork()

[2026-05-19T14:46:11.358+0000] {standard_task_runner.py:63} INFO - Started process 102 to run task
[2026-05-19T14:46:11.357+0000] {standard_task_runner.py:90} INFO - Running: ['***', 'tasks', 'run', 'football_etl_pipeline', 'transform_fixtures', 'manual__2026-05-19T14:11:22.277882+00:00', '--job-id', '33', '--raw', '--subdir', 'DAGS_FOLDER/football_etl_dag.py', '--cfg-path', '/tmp/tmpayb0yns6']
[2026-05-19T14:46:11.360+0000] {standard_task_runner.py:91} INFO - Job 33: Subtask transform_fixtures
[2026-05-19T14:46:11.412+0000] {task_command.py:426} INFO - Running <TaskInstance: football_etl_pipeline.transform_fixtures manual__2026-05-19T14:11:22.277882+00:00 [running]> on host ab5f3f5d4c31
[2026-05-19T14:46:11.493+0000] {taskinstance.py:2648} INFO - Exporting env vars: AIRFLOW_CTX_DAG_OWNER='***' AIRFLOW_CTX_DAG_ID='football_etl_pipeline' AIRFLOW_CTX_TASK_ID='transform_fixtures' AIRFLOW_CTX_EXECUTION_DATE='2026-05-19T14:11:22.277882+00:00' AIRFLOW_CTX_TRY_NUMBER='1' AIRFLOW_CTX_DAG_RUN_ID='manual__2026-05-19T14:11:22.277882+00:00'
[2026-05-19T14:46:11.496+0000] {taskinstance.py:430} INFO - ::endgroup::
[2026-05-19T14:46:11.497+0000] {subprocess.py:63} INFO - Tmp dir root location: /tmp
[2026-05-19T14:46:11.498+0000] {subprocess.py:75} INFO - Running command: ['/usr/bin/bash', '-c', 'jupyter nbconvert --execute --to notebook --inplace /opt/***/etl/transform/transform_fixture_data.ipynb']
[2026-05-19T14:46:11.510+0000] {subprocess.py:86} INFO - Output:
[2026-05-19T14:46:14.018+0000] {subprocess.py:93} INFO - [NbConvertApp] Converting notebook /opt/***/etl/transform/transform_fixture_data.ipynb to notebook
[2026-05-19T14:46:17.854+0000] {subprocess.py:93} INFO - [NbConvertApp] Writing 468690 bytes to /opt/***/etl/transform/transform_fixture_data.ipynb
[2026-05-19T14:46:18.009+0000] {subprocess.py:97} INFO - Command exited with return code 0
[2026-05-19T14:46:18.010+0000] {taskinstance.py:441} INFO - ::group::Post task execution logs
[2026-05-19T14:46:18.033+0000] {taskinstance.py:1206} INFO - Marking task as SUCCESS. dag_id=football_etl_pipeline, task_id=transform_fixtures, run_id=manual__2026-05-19T14:11:22.277882+00:00, execution_date=20260519T141122, start_date=20260519T144611, end_date=20260519T144618
[2026-05-19T14:46:18.049+0000] {local_task_job_runner.py:240} INFO - Task exited with return code 0
[2026-05-19T14:46:18.067+0000] {taskinstance.py:3498} INFO - 1 downstream tasks scheduled from follow-on schedule check
[2026-05-19T14:46:18.069+0000] {local_task_job_runner.py:222} INFO - ::endgroup::
