[2026-05-19T05:16:15.714+0000] {local_task_job_runner.py:120} INFO - ::group::Pre task execution logs
[2026-05-19T05:16:15.737+0000] {taskinstance.py:2076} INFO - Dependencies all met for dep_context=non-requeueable deps ti=<TaskInstance: football_etl_pipeline.load_goal_events manual__2026-05-19T05:10:47.754757+00:00 [queued]>
[2026-05-19T05:16:15.744+0000] {taskinstance.py:2076} INFO - Dependencies all met for dep_context=requeueable deps ti=<TaskInstance: football_etl_pipeline.load_goal_events manual__2026-05-19T05:10:47.754757+00:00 [queued]>
[2026-05-19T05:16:15.745+0000] {taskinstance.py:2306} INFO - Starting attempt 1 of 1
[2026-05-19T05:16:15.757+0000] {taskinstance.py:2330} INFO - Executing <Task(BashOperator): load_goal_events> on 2026-05-19 05:10:47.754757+00:00
[2026-05-19T05:16:15.767+0000] {warnings.py:110} WARNING - /home/***/.local/lib/python3.12/site-packages/***/task/task_runner/standard_task_runner.py:61: DeprecationWarning: This process (pid=1489) is multi-threaded, use of fork() may lead to deadlocks in the child.
  pid = os.fork()

[2026-05-19T05:16:15.773+0000] {standard_task_runner.py:63} INFO - Started process 1491 to run task
[2026-05-19T05:16:15.772+0000] {standard_task_runner.py:90} INFO - Running: ['***', 'tasks', 'run', 'football_etl_pipeline', 'load_goal_events', 'manual__2026-05-19T05:10:47.754757+00:00', '--job-id', '24', '--raw', '--subdir', 'DAGS_FOLDER/football_etl_dag.py', '--cfg-path', '/tmp/tmprep1ain1']
[2026-05-19T05:16:15.779+0000] {standard_task_runner.py:91} INFO - Job 24: Subtask load_goal_events
[2026-05-19T05:16:15.881+0000] {task_command.py:426} INFO - Running <TaskInstance: football_etl_pipeline.load_goal_events manual__2026-05-19T05:10:47.754757+00:00 [running]> on host 1fc74b92fe5a
[2026-05-19T05:16:15.970+0000] {taskinstance.py:2648} INFO - Exporting env vars: AIRFLOW_CTX_DAG_OWNER='***' AIRFLOW_CTX_DAG_ID='football_etl_pipeline' AIRFLOW_CTX_TASK_ID='load_goal_events' AIRFLOW_CTX_EXECUTION_DATE='2026-05-19T05:10:47.754757+00:00' AIRFLOW_CTX_TRY_NUMBER='1' AIRFLOW_CTX_DAG_RUN_ID='manual__2026-05-19T05:10:47.754757+00:00'
[2026-05-19T05:16:15.972+0000] {taskinstance.py:430} INFO - ::endgroup::
[2026-05-19T05:16:15.976+0000] {subprocess.py:63} INFO - Tmp dir root location: /tmp
[2026-05-19T05:16:15.978+0000] {subprocess.py:75} INFO - Running command: ['/usr/bin/bash', '-c', 'export PYTHONPATH=/opt/***/etl/load:$PYTHONPATH && python /opt/***/etl/load/load_goal_event_data.py']
[2026-05-19T05:16:15.991+0000] {subprocess.py:86} INFO - Output:
[2026-05-19T05:16:33.908+0000] {subprocess.py:93} INFO - Inserted 1084 rows
[2026-05-19T05:16:34.115+0000] {subprocess.py:97} INFO - Command exited with return code 0
[2026-05-19T05:16:34.118+0000] {taskinstance.py:441} INFO - ::group::Post task execution logs
[2026-05-19T05:16:34.159+0000] {taskinstance.py:1206} INFO - Marking task as SUCCESS. dag_id=football_etl_pipeline, task_id=load_goal_events, run_id=manual__2026-05-19T05:10:47.754757+00:00, execution_date=20260519T051047, start_date=20260519T051615, end_date=20260519T051634
[2026-05-19T05:16:34.180+0000] {local_task_job_runner.py:240} INFO - Task exited with return code 0
[2026-05-19T05:16:34.199+0000] {taskinstance.py:3498} INFO - 0 downstream tasks scheduled from follow-on schedule check
[2026-05-19T05:16:34.201+0000] {local_task_job_runner.py:222} INFO - ::endgroup::
