[2026-05-19T04:17:00.305+0000] {local_task_job_runner.py:120} INFO - ::group::Pre task execution logs
[2026-05-19T04:17:00.333+0000] {taskinstance.py:2076} INFO - Dependencies all met for dep_context=non-requeueable deps ti=<TaskInstance: football_etl_pipeline.transform_events manual__2026-05-19T03:57:49.921138+00:00 [queued]>
[2026-05-19T04:17:00.346+0000] {taskinstance.py:2076} INFO - Dependencies all met for dep_context=requeueable deps ti=<TaskInstance: football_etl_pipeline.transform_events manual__2026-05-19T03:57:49.921138+00:00 [queued]>
[2026-05-19T04:17:00.347+0000] {taskinstance.py:2306} INFO - Starting attempt 6 of 6
[2026-05-19T04:17:00.364+0000] {taskinstance.py:2330} INFO - Executing <Task(BashOperator): transform_events> on 2026-05-19 03:57:49.921138+00:00
[2026-05-19T04:17:00.372+0000] {warnings.py:110} WARNING - /home/***/.local/lib/python3.12/site-packages/***/task/task_runner/standard_task_runner.py:61: DeprecationWarning: This process (pid=735) is multi-threaded, use of fork() may lead to deadlocks in the child.
  pid = os.fork()

[2026-05-19T04:17:00.374+0000] {standard_task_runner.py:63} INFO - Started process 737 to run task
[2026-05-19T04:17:00.374+0000] {standard_task_runner.py:90} INFO - Running: ['***', 'tasks', 'run', 'football_etl_pipeline', 'transform_events', 'manual__2026-05-19T03:57:49.921138+00:00', '--job-id', '11', '--raw', '--subdir', 'DAGS_FOLDER/football_etl_dag.py', '--cfg-path', '/tmp/tmpnpr2klc5']
[2026-05-19T04:17:00.378+0000] {standard_task_runner.py:91} INFO - Job 11: Subtask transform_events
[2026-05-19T04:17:00.443+0000] {task_command.py:426} INFO - Running <TaskInstance: football_etl_pipeline.transform_events manual__2026-05-19T03:57:49.921138+00:00 [running]> on host 1fc74b92fe5a
[2026-05-19T04:17:00.530+0000] {taskinstance.py:2648} INFO - Exporting env vars: AIRFLOW_CTX_DAG_OWNER='***' AIRFLOW_CTX_DAG_ID='football_etl_pipeline' AIRFLOW_CTX_TASK_ID='transform_events' AIRFLOW_CTX_EXECUTION_DATE='2026-05-19T03:57:49.921138+00:00' AIRFLOW_CTX_TRY_NUMBER='6' AIRFLOW_CTX_DAG_RUN_ID='manual__2026-05-19T03:57:49.921138+00:00'
[2026-05-19T04:17:00.532+0000] {taskinstance.py:430} INFO - ::endgroup::
[2026-05-19T04:17:00.538+0000] {subprocess.py:63} INFO - Tmp dir root location: /tmp
[2026-05-19T04:17:00.544+0000] {subprocess.py:75} INFO - Running command: ['/usr/bin/bash', '-c', 'jupyter nbconvert --execute --to notebook --inplace /opt/***/etl/transform/transform_event_data.ipynb']
[2026-05-19T04:17:00.562+0000] {subprocess.py:86} INFO - Output:
[2026-05-19T04:17:03.631+0000] {subprocess.py:93} INFO - [NbConvertApp] Converting notebook /opt/***/etl/transform/transform_event_data.ipynb to notebook
[2026-05-19T04:21:01.573+0000] {subprocess.py:93} INFO - [NbConvertApp] ERROR | Error occurred while starting new kernel client for kernel 4506bf68-9880-449a-aa96-68e330ace889: Kernel didn't respond in 60 seconds
[2026-05-19T04:21:01.580+0000] {subprocess.py:93} INFO - Traceback (most recent call last):
[2026-05-19T04:21:01.582+0000] {subprocess.py:93} INFO -   File "<frozen runpy>", line 198, in _run_module_as_main
[2026-05-19T04:21:01.583+0000] {subprocess.py:93} INFO -   File "<frozen runpy>", line 88, in _run_code
[2026-05-19T04:21:01.584+0000] {subprocess.py:93} INFO -   File "/home/***/.local/lib/python3.12/site-packages/ipykernel_launcher.py", line 16, in <module>
[2026-05-19T04:21:01.587+0000] {subprocess.py:93} INFO -     from ipykernel import kernelapp as app
[2026-05-19T04:21:01.589+0000] {subprocess.py:93} INFO -   File "/home/***/.local/lib/python3.12/site-packages/ipykernel/kernelapp.py", line 21, in <module>
[2026-05-19T04:21:01.591+0000] {subprocess.py:93} INFO -     from IPython.core.application import (  # type:ignore[attr-defined]
[2026-05-19T04:21:01.591+0000] {subprocess.py:93} INFO -   File "/home/***/.local/lib/python3.12/site-packages/IPython/__init__.py", line 56, in <module>
[2026-05-19T04:21:01.593+0000] {subprocess.py:93} INFO -     from .terminal.embed import embed
[2026-05-19T04:21:01.596+0000] {subprocess.py:93} INFO -   File "/home/***/.local/lib/python3.12/site-packages/IPython/terminal/embed.py", line 16, in <module>
[2026-05-19T04:21:01.597+0000] {subprocess.py:93} INFO -     from IPython.terminal.interactiveshell import TerminalInteractiveShell
[2026-05-19T04:21:01.598+0000] {subprocess.py:93} INFO -   File "/home/***/.local/lib/python3.12/site-packages/IPython/terminal/interactiveshell.py", line 53, in <module>
[2026-05-19T04:21:01.599+0000] {subprocess.py:93} INFO -     from .debugger import TerminalPdb, Pdb
[2026-05-19T04:21:01.600+0000] {subprocess.py:93} INFO -   File "/home/***/.local/lib/python3.12/site-packages/IPython/terminal/debugger.py", line 6, in <module>
[2026-05-19T04:21:01.602+0000] {subprocess.py:93} INFO -     from IPython.core.completer import IPCompleter
[2026-05-19T04:21:01.603+0000] {subprocess.py:93} INFO -   File "/home/***/.local/lib/python3.12/site-packages/IPython/core/completer.py", line 258, in <module>
[2026-05-19T04:21:01.607+0000] {subprocess.py:93} INFO -     import jedi
[2026-05-19T04:21:01.608+0000] {subprocess.py:93} INFO -   File "/home/***/.local/lib/python3.12/site-packages/jedi/__init__.py", line 32, in <module>
[2026-05-19T04:21:01.610+0000] {subprocess.py:93} INFO -     from jedi.api import Script, Interpreter, set_debug_function, preload_module
[2026-05-19T04:21:01.626+0000] {subprocess.py:93} INFO -   File "/home/***/.local/lib/python3.12/site-packages/jedi/api/__init__.py", line 13, in <module>
[2026-05-19T04:21:01.627+0000] {subprocess.py:93} INFO -     import parso
[2026-05-19T04:21:01.628+0000] {subprocess.py:93} INFO -   File "/home/***/.local/lib/python3.12/site-packages/parso/__init__.py", line 42, in <module>
[2026-05-19T04:21:01.629+0000] {subprocess.py:93} INFO -     from parso.grammar import Grammar, load_grammar
[2026-05-19T04:21:01.630+0000] {subprocess.py:93} INFO -   File "/home/***/.local/lib/python3.12/site-packages/parso/grammar.py", line 26, in <module>
[2026-05-19T04:21:01.630+0000] {subprocess.py:93} INFO -     class Grammar(Generic[_NodeT]):
[2026-05-19T04:21:01.631+0000] {subprocess.py:93} INFO -   File "/usr/local/lib/python3.12/typing.py", line 1096, in _generic_init_subclass
[2026-05-19T04:21:01.632+0000] {subprocess.py:93} INFO -     def _generic_init_subclass(cls, *args, **kwargs):
[2026-05-19T04:21:01.632+0000] {subprocess.py:93} INFO - 
[2026-05-19T04:21:01.633+0000] {subprocess.py:93} INFO - KeyboardInterrupt
[2026-05-19T04:21:02.605+0000] {subprocess.py:93} INFO - Traceback (most recent call last):
[2026-05-19T04:21:02.607+0000] {subprocess.py:93} INFO -   File "/home/***/.local/bin/jupyter-nbconvert", line 8, in <module>
[2026-05-19T04:21:02.609+0000] {subprocess.py:93} INFO -     sys.exit(main())
[2026-05-19T04:21:02.614+0000] {subprocess.py:93} INFO -              ^^^^^^
[2026-05-19T04:21:02.615+0000] {subprocess.py:93} INFO -   File "/home/***/.local/lib/python3.12/site-packages/jupyter_core/application.py", line 284, in launch_instance
[2026-05-19T04:21:02.616+0000] {subprocess.py:93} INFO -     super().launch_instance(argv=argv, **kwargs)
[2026-05-19T04:21:02.617+0000] {subprocess.py:93} INFO -   File "/home/***/.local/lib/python3.12/site-packages/traitlets/config/application.py", line 1082, in launch_instance
[2026-05-19T04:21:02.618+0000] {subprocess.py:93} INFO -     app.start()
[2026-05-19T04:21:02.620+0000] {subprocess.py:93} INFO -   File "/home/***/.local/lib/python3.12/site-packages/nbconvert/nbconvertapp.py", line 420, in start
[2026-05-19T04:21:02.622+0000] {subprocess.py:93} INFO -     self.convert_notebooks()
[2026-05-19T04:21:02.624+0000] {subprocess.py:93} INFO -   File "/home/***/.local/lib/python3.12/site-packages/nbconvert/nbconvertapp.py", line 597, in convert_notebooks
[2026-05-19T04:21:02.625+0000] {subprocess.py:93} INFO -     self.convert_single_notebook(notebook_filename)
[2026-05-19T04:21:02.627+0000] {subprocess.py:93} INFO -   File "/home/***/.local/lib/python3.12/site-packages/nbconvert/nbconvertapp.py", line 563, in convert_single_notebook
[2026-05-19T04:21:02.628+0000] {subprocess.py:93} INFO -     output, resources = self.export_single_notebook(
[2026-05-19T04:21:02.629+0000] {subprocess.py:93} INFO -                         ^^^^^^^^^^^^^^^^^^^^^^^^^^^^
[2026-05-19T04:21:02.630+0000] {subprocess.py:93} INFO -   File "/home/***/.local/lib/python3.12/site-packages/nbconvert/nbconvertapp.py", line 487, in export_single_notebook
[2026-05-19T04:21:02.631+0000] {subprocess.py:93} INFO -     output, resources = self.exporter.from_filename(
[2026-05-19T04:21:02.631+0000] {subprocess.py:93} INFO -                         ^^^^^^^^^^^^^^^^^^^^^^^^^^^^
[2026-05-19T04:21:02.632+0000] {subprocess.py:93} INFO -   File "/home/***/.local/lib/python3.12/site-packages/nbconvert/exporters/exporter.py", line 201, in from_filename
[2026-05-19T04:21:02.635+0000] {subprocess.py:93} INFO -     return self.from_file(f, resources=resources, **kw)
[2026-05-19T04:21:02.637+0000] {subprocess.py:93} INFO -            ^^^^^^^^^^^^^^^^^^^^^^^^^^^^^^^^^^^^^^^^^^^^
[2026-05-19T04:21:02.638+0000] {subprocess.py:93} INFO -   File "/home/***/.local/lib/python3.12/site-packages/nbconvert/exporters/exporter.py", line 220, in from_file
[2026-05-19T04:21:02.639+0000] {subprocess.py:93} INFO -     return self.from_notebook_node(
[2026-05-19T04:21:02.639+0000] {subprocess.py:93} INFO -            ^^^^^^^^^^^^^^^^^^^^^^^^
[2026-05-19T04:21:02.640+0000] {subprocess.py:93} INFO -   File "/home/***/.local/lib/python3.12/site-packages/nbconvert/exporters/notebook.py", line 36, in from_notebook_node
[2026-05-19T04:21:02.641+0000] {subprocess.py:93} INFO -     nb_copy, resources = super().from_notebook_node(nb, resources, **kw)
[2026-05-19T04:21:02.642+0000] {subprocess.py:93} INFO -                          ^^^^^^^^^^^^^^^^^^^^^^^^^^^^^^^^^^^^^^^^^^^^^^^
[2026-05-19T04:21:02.643+0000] {subprocess.py:93} INFO -   File "/home/***/.local/lib/python3.12/site-packages/nbconvert/exporters/exporter.py", line 154, in from_notebook_node
[2026-05-19T04:21:02.647+0000] {subprocess.py:93} INFO -     nb_copy, resources = self._preprocess(nb_copy, resources)
[2026-05-19T04:21:02.652+0000] {subprocess.py:93} INFO -                          ^^^^^^^^^^^^^^^^^^^^^^^^^^^^^^^^^^^^
[2026-05-19T04:21:02.653+0000] {subprocess.py:93} INFO -   File "/home/***/.local/lib/python3.12/site-packages/nbconvert/exporters/exporter.py", line 353, in _preprocess
[2026-05-19T04:21:02.659+0000] {subprocess.py:93} INFO -     nbc, resc = preprocessor(nbc, resc)
[2026-05-19T04:21:02.665+0000] {subprocess.py:93} INFO -                 ^^^^^^^^^^^^^^^^^^^^^^^
[2026-05-19T04:21:02.670+0000] {subprocess.py:93} INFO -   File "/home/***/.local/lib/python3.12/site-packages/nbconvert/preprocessors/base.py", line 48, in __call__
[2026-05-19T04:21:02.672+0000] {subprocess.py:93} INFO -     return self.preprocess(nb, resources)
[2026-05-19T04:21:02.678+0000] {subprocess.py:93} INFO -            ^^^^^^^^^^^^^^^^^^^^^^^^^^^^^^
[2026-05-19T04:21:02.679+0000] {subprocess.py:93} INFO -   File "/home/***/.local/lib/python3.12/site-packages/nbconvert/preprocessors/execute.py", line 97, in preprocess
[2026-05-19T04:21:02.683+0000] {subprocess.py:93} INFO -     with self.setup_kernel():
[2026-05-19T04:21:02.685+0000] {subprocess.py:93} INFO -   File "/usr/local/lib/python3.12/contextlib.py", line 137, in __enter__
[2026-05-19T04:21:02.691+0000] {subprocess.py:93} INFO -     return next(self.gen)
[2026-05-19T04:21:02.694+0000] {subprocess.py:93} INFO -            ^^^^^^^^^^^^^^
[2026-05-19T04:21:02.695+0000] {subprocess.py:93} INFO -   File "/home/***/.local/lib/python3.12/site-packages/nbclient/client.py", line 603, in setup_kernel
[2026-05-19T04:21:02.696+0000] {subprocess.py:93} INFO -     self.start_new_kernel_client()
[2026-05-19T04:21:02.697+0000] {subprocess.py:93} INFO -   File "/home/***/.local/lib/python3.12/site-packages/jupyter_core/utils/__init__.py", line 165, in wrapped
[2026-05-19T04:21:02.699+0000] {subprocess.py:93} INFO -     return loop.run_until_complete(inner)
[2026-05-19T04:21:02.700+0000] {subprocess.py:93} INFO -            ^^^^^^^^^^^^^^^^^^^^^^^^^^^^^^
[2026-05-19T04:21:02.701+0000] {subprocess.py:93} INFO -   File "/usr/local/lib/python3.12/asyncio/base_events.py", line 687, in run_until_complete
[2026-05-19T04:21:02.702+0000] {subprocess.py:93} INFO -     return future.result()
[2026-05-19T04:21:02.703+0000] {subprocess.py:93} INFO -            ^^^^^^^^^^^^^^^
[2026-05-19T04:21:02.705+0000] {subprocess.py:93} INFO -   File "/home/***/.local/lib/python3.12/site-packages/nbclient/client.py", line 566, in async_start_new_kernel_client
[2026-05-19T04:21:02.707+0000] {subprocess.py:93} INFO -     await ensure_async(self.kc.wait_for_ready(timeout=self.startup_timeout))
[2026-05-19T04:21:02.709+0000] {subprocess.py:93} INFO -   File "/home/***/.local/lib/python3.12/site-packages/jupyter_core/utils/__init__.py", line 214, in ensure_async
[2026-05-19T04:21:02.711+0000] {subprocess.py:93} INFO -     result = await obj
[2026-05-19T04:21:02.711+0000] {subprocess.py:93} INFO -              ^^^^^^^^^
[2026-05-19T04:21:02.713+0000] {subprocess.py:93} INFO -   File "/home/***/.local/lib/python3.12/site-packages/jupyter_client/client.py", line 208, in _async_wait_for_ready
[2026-05-19T04:21:02.714+0000] {subprocess.py:93} INFO -     raise RuntimeError("Kernel didn't respond in %d seconds" % timeout)
[2026-05-19T04:21:02.717+0000] {subprocess.py:93} INFO - RuntimeError: Kernel didn't respond in 60 seconds
[2026-05-19T04:21:03.329+0000] {subprocess.py:97} INFO - Command exited with return code 1
[2026-05-19T04:21:03.337+0000] {taskinstance.py:441} INFO - ::group::Post task execution logs
[2026-05-19T04:21:03.390+0000] {taskinstance.py:2905} ERROR - Task failed with exception
Traceback (most recent call last):
  File "/home/airflow/.local/lib/python3.12/site-packages/airflow/models/taskinstance.py", line 465, in _execute_task
    result = _execute_callable(context=context, **execute_callable_kwargs)
             ^^^^^^^^^^^^^^^^^^^^^^^^^^^^^^^^^^^^^^^^^^^^^^^^^^^^^^^^^^^^^
  File "/home/airflow/.local/lib/python3.12/site-packages/airflow/models/taskinstance.py", line 432, in _execute_callable
    return execute_callable(context=context, **execute_callable_kwargs)
           ^^^^^^^^^^^^^^^^^^^^^^^^^^^^^^^^^^^^^^^^^^^^^^^^^^^^^^^^^^^^
  File "/home/airflow/.local/lib/python3.12/site-packages/airflow/models/baseoperator.py", line 400, in wrapper
    return func(self, *args, **kwargs)
           ^^^^^^^^^^^^^^^^^^^^^^^^^^^
  File "/home/airflow/.local/lib/python3.12/site-packages/airflow/operators/bash.py", line 243, in execute
    raise AirflowException(
airflow.exceptions.AirflowException: Bash command failed. The command returned a non-zero exit code 1.
[2026-05-19T04:21:03.415+0000] {taskinstance.py:1206} INFO - Marking task as FAILED. dag_id=football_etl_pipeline, task_id=transform_events, run_id=manual__2026-05-19T03:57:49.921138+00:00, execution_date=20260519T035749, start_date=20260519T041700, end_date=20260519T042103
[2026-05-19T04:21:03.464+0000] {standard_task_runner.py:110} ERROR - Failed to execute job 11 for task transform_events (Bash command failed. The command returned a non-zero exit code 1.; 737)
[2026-05-19T04:21:03.483+0000] {local_task_job_runner.py:240} INFO - Task exited with return code 1
[2026-05-19T04:21:03.528+0000] {taskinstance.py:3498} INFO - 0 downstream tasks scheduled from follow-on schedule check
[2026-05-19T04:21:03.540+0000] {local_task_job_runner.py:222} INFO - ::endgroup::
