[2026-05-19T03:59:08.665+0000] {local_task_job_runner.py:120} INFO - ::group::Pre task execution logs
[2026-05-19T03:59:08.693+0000] {taskinstance.py:2076} INFO - Dependencies all met for dep_context=non-requeueable deps ti=<TaskInstance: football_etl_pipeline.transform_events manual__2026-05-19T03:57:49.921138+00:00 [queued]>
[2026-05-19T03:59:08.704+0000] {taskinstance.py:2076} INFO - Dependencies all met for dep_context=requeueable deps ti=<TaskInstance: football_etl_pipeline.transform_events manual__2026-05-19T03:57:49.921138+00:00 [queued]>
[2026-05-19T03:59:08.704+0000] {taskinstance.py:2306} INFO - Starting attempt 1 of 1
[2026-05-19T03:59:08.721+0000] {taskinstance.py:2330} INFO - Executing <Task(BashOperator): transform_events> on 2026-05-19 03:57:49.921138+00:00
[2026-05-19T03:59:08.732+0000] {warnings.py:110} WARNING - /home/***/.local/lib/python3.12/site-packages/***/task/task_runner/standard_task_runner.py:61: DeprecationWarning: This process (pid=252) is multi-threaded, use of fork() may lead to deadlocks in the child.
  pid = os.fork()

[2026-05-19T03:59:08.734+0000] {standard_task_runner.py:63} INFO - Started process 254 to run task
[2026-05-19T03:59:08.734+0000] {standard_task_runner.py:90} INFO - Running: ['***', 'tasks', 'run', 'football_etl_pipeline', 'transform_events', 'manual__2026-05-19T03:57:49.921138+00:00', '--job-id', '6', '--raw', '--subdir', 'DAGS_FOLDER/football_etl_dag.py', '--cfg-path', '/tmp/tmp19lry4gl']
[2026-05-19T03:59:08.737+0000] {standard_task_runner.py:91} INFO - Job 6: Subtask transform_events
[2026-05-19T03:59:08.821+0000] {task_command.py:426} INFO - Running <TaskInstance: football_etl_pipeline.transform_events manual__2026-05-19T03:57:49.921138+00:00 [running]> on host 1fc74b92fe5a
[2026-05-19T03:59:08.986+0000] {taskinstance.py:2648} INFO - Exporting env vars: AIRFLOW_CTX_DAG_OWNER='***' AIRFLOW_CTX_DAG_ID='football_etl_pipeline' AIRFLOW_CTX_TASK_ID='transform_events' AIRFLOW_CTX_EXECUTION_DATE='2026-05-19T03:57:49.921138+00:00' AIRFLOW_CTX_TRY_NUMBER='1' AIRFLOW_CTX_DAG_RUN_ID='manual__2026-05-19T03:57:49.921138+00:00'
[2026-05-19T03:59:08.989+0000] {taskinstance.py:430} INFO - ::endgroup::
[2026-05-19T03:59:09.006+0000] {subprocess.py:63} INFO - Tmp dir root location: /tmp
[2026-05-19T03:59:09.008+0000] {subprocess.py:75} INFO - Running command: ['/usr/bin/bash', '-c', 'jupyter nbconvert --execute --to notebook --inplace /opt/***/etl/transform/transform_event_data.ipynb']
[2026-05-19T03:59:09.036+0000] {subprocess.py:86} INFO - Output:
[2026-05-19T03:59:54.962+0000] {subprocess.py:93} INFO - [NbConvertApp] Converting notebook /opt/***/etl/transform/transform_event_data.ipynb to notebook
[2026-05-19T03:59:59.163+0000] {subprocess.py:93} INFO - Traceback (most recent call last):
[2026-05-19T03:59:59.165+0000] {subprocess.py:93} INFO -   File "/home/***/.local/bin/jupyter-nbconvert", line 8, in <module>
[2026-05-19T03:59:59.176+0000] {subprocess.py:93} INFO -     sys.exit(main())
[2026-05-19T03:59:59.177+0000] {subprocess.py:93} INFO -              ^^^^^^
[2026-05-19T03:59:59.180+0000] {subprocess.py:93} INFO -   File "/home/***/.local/lib/python3.12/site-packages/jupyter_core/application.py", line 284, in launch_instance
[2026-05-19T03:59:59.182+0000] {subprocess.py:93} INFO -     super().launch_instance(argv=argv, **kwargs)
[2026-05-19T03:59:59.191+0000] {subprocess.py:93} INFO -   File "/home/***/.local/lib/python3.12/site-packages/traitlets/config/application.py", line 1082, in launch_instance
[2026-05-19T03:59:59.192+0000] {subprocess.py:93} INFO -     app.start()
[2026-05-19T03:59:59.193+0000] {subprocess.py:93} INFO -   File "/home/***/.local/lib/python3.12/site-packages/nbconvert/nbconvertapp.py", line 420, in start
[2026-05-19T03:59:59.193+0000] {subprocess.py:93} INFO -     self.convert_notebooks()
[2026-05-19T03:59:59.194+0000] {subprocess.py:93} INFO -   File "/home/***/.local/lib/python3.12/site-packages/nbconvert/nbconvertapp.py", line 597, in convert_notebooks
[2026-05-19T03:59:59.194+0000] {subprocess.py:93} INFO -     self.convert_single_notebook(notebook_filename)
[2026-05-19T03:59:59.195+0000] {subprocess.py:93} INFO -   File "/home/***/.local/lib/python3.12/site-packages/nbconvert/nbconvertapp.py", line 563, in convert_single_notebook
[2026-05-19T03:59:59.195+0000] {subprocess.py:93} INFO -     output, resources = self.export_single_notebook(
[2026-05-19T03:59:59.196+0000] {subprocess.py:93} INFO -                         ^^^^^^^^^^^^^^^^^^^^^^^^^^^^
[2026-05-19T03:59:59.197+0000] {subprocess.py:93} INFO -   File "/home/***/.local/lib/python3.12/site-packages/nbconvert/nbconvertapp.py", line 487, in export_single_notebook
[2026-05-19T03:59:59.197+0000] {subprocess.py:93} INFO -     output, resources = self.exporter.from_filename(
[2026-05-19T03:59:59.198+0000] {subprocess.py:93} INFO -                         ^^^^^^^^^^^^^^^^^^^^^^^^^^^^
[2026-05-19T03:59:59.198+0000] {subprocess.py:93} INFO -   File "/home/***/.local/lib/python3.12/site-packages/nbconvert/exporters/exporter.py", line 201, in from_filename
[2026-05-19T03:59:59.198+0000] {subprocess.py:93} INFO -     return self.from_file(f, resources=resources, **kw)
[2026-05-19T03:59:59.199+0000] {subprocess.py:93} INFO -            ^^^^^^^^^^^^^^^^^^^^^^^^^^^^^^^^^^^^^^^^^^^^
[2026-05-19T03:59:59.199+0000] {subprocess.py:93} INFO -   File "/home/***/.local/lib/python3.12/site-packages/nbconvert/exporters/exporter.py", line 220, in from_file
[2026-05-19T03:59:59.199+0000] {subprocess.py:93} INFO -     return self.from_notebook_node(
[2026-05-19T03:59:59.200+0000] {subprocess.py:93} INFO -            ^^^^^^^^^^^^^^^^^^^^^^^^
[2026-05-19T03:59:59.200+0000] {subprocess.py:93} INFO -   File "/home/***/.local/lib/python3.12/site-packages/nbconvert/exporters/notebook.py", line 36, in from_notebook_node
[2026-05-19T03:59:59.201+0000] {subprocess.py:93} INFO -     nb_copy, resources = super().from_notebook_node(nb, resources, **kw)
[2026-05-19T03:59:59.202+0000] {subprocess.py:93} INFO -                          ^^^^^^^^^^^^^^^^^^^^^^^^^^^^^^^^^^^^^^^^^^^^^^^
[2026-05-19T03:59:59.203+0000] {subprocess.py:93} INFO -   File "/home/***/.local/lib/python3.12/site-packages/nbconvert/exporters/exporter.py", line 154, in from_notebook_node
[2026-05-19T03:59:59.206+0000] {subprocess.py:93} INFO -     nb_copy, resources = self._preprocess(nb_copy, resources)
[2026-05-19T03:59:59.207+0000] {subprocess.py:93} INFO -                          ^^^^^^^^^^^^^^^^^^^^^^^^^^^^^^^^^^^^
[2026-05-19T03:59:59.208+0000] {subprocess.py:93} INFO -   File "/home/***/.local/lib/python3.12/site-packages/nbconvert/exporters/exporter.py", line 353, in _preprocess
[2026-05-19T03:59:59.209+0000] {subprocess.py:93} INFO -     nbc, resc = preprocessor(nbc, resc)
[2026-05-19T03:59:59.209+0000] {subprocess.py:93} INFO -                 ^^^^^^^^^^^^^^^^^^^^^^^
[2026-05-19T03:59:59.211+0000] {subprocess.py:93} INFO -   File "/home/***/.local/lib/python3.12/site-packages/nbconvert/preprocessors/base.py", line 48, in __call__
[2026-05-19T03:59:59.214+0000] {subprocess.py:93} INFO -     return self.preprocess(nb, resources)
[2026-05-19T03:59:59.215+0000] {subprocess.py:93} INFO -            ^^^^^^^^^^^^^^^^^^^^^^^^^^^^^^
[2026-05-19T03:59:59.217+0000] {subprocess.py:93} INFO -   File "/home/***/.local/lib/python3.12/site-packages/nbconvert/preprocessors/execute.py", line 103, in preprocess
[2026-05-19T03:59:59.219+0000] {subprocess.py:93} INFO -     self.preprocess_cell(cell, resources, index)
[2026-05-19T03:59:59.219+0000] {subprocess.py:93} INFO -   File "/home/***/.local/lib/python3.12/site-packages/nbconvert/preprocessors/execute.py", line 124, in preprocess_cell
[2026-05-19T03:59:59.220+0000] {subprocess.py:93} INFO -     cell = self.execute_cell(cell, index, store_history=True)
[2026-05-19T03:59:59.221+0000] {subprocess.py:93} INFO -            ^^^^^^^^^^^^^^^^^^^^^^^^^^^^^^^^^^^^^^^^^^^^^^^^^^
[2026-05-19T03:59:59.222+0000] {subprocess.py:93} INFO -   File "/home/***/.local/lib/python3.12/site-packages/jupyter_core/utils/__init__.py", line 165, in wrapped
[2026-05-19T03:59:59.223+0000] {subprocess.py:93} INFO -     return loop.run_until_complete(inner)
[2026-05-19T03:59:59.223+0000] {subprocess.py:93} INFO -            ^^^^^^^^^^^^^^^^^^^^^^^^^^^^^^
[2026-05-19T03:59:59.224+0000] {subprocess.py:93} INFO -   File "/usr/local/lib/python3.12/asyncio/base_events.py", line 687, in run_until_complete
[2026-05-19T03:59:59.225+0000] {subprocess.py:93} INFO -     return future.result()
[2026-05-19T03:59:59.226+0000] {subprocess.py:93} INFO -            ^^^^^^^^^^^^^^^
[2026-05-19T03:59:59.227+0000] {subprocess.py:93} INFO -   File "/home/***/.local/lib/python3.12/site-packages/nbclient/client.py", line 1062, in async_execute_cell
[2026-05-19T03:59:59.228+0000] {subprocess.py:93} INFO -     await self._check_raise_for_error(cell, cell_index, exec_reply)
[2026-05-19T03:59:59.229+0000] {subprocess.py:93} INFO -   File "/home/***/.local/lib/python3.12/site-packages/nbclient/client.py", line 918, in _check_raise_for_error
[2026-05-19T03:59:59.229+0000] {subprocess.py:93} INFO -     raise CellExecutionError.from_cell_and_msg(cell, exec_reply_content)
[2026-05-19T03:59:59.230+0000] {subprocess.py:93} INFO - nbclient.exceptions.CellExecutionError: An error occurred while executing the following cell:
[2026-05-19T03:59:59.232+0000] {subprocess.py:93} INFO - ------------------
[2026-05-19T03:59:59.233+0000] {subprocess.py:93} INFO - # Load the raw event data using a relative path
[2026-05-19T03:59:59.236+0000] {subprocess.py:93} INFO - with open("../output/events.json", "r", encoding="utf-8") as f:
[2026-05-19T03:59:59.237+0000] {subprocess.py:93} INFO -     raw_data = json.load(f)
[2026-05-19T03:59:59.237+0000] {subprocess.py:93} INFO - 
[2026-05-19T03:59:59.238+0000] {subprocess.py:93} INFO - print(f"Loaded {len(raw_data)} fixture records.")
[2026-05-19T03:59:59.239+0000] {subprocess.py:93} INFO - ------------------
[2026-05-19T03:59:59.240+0000] {subprocess.py:93} INFO - 
[2026-05-19T03:59:59.241+0000] {subprocess.py:93} INFO - 
[2026-05-19T03:59:59.242+0000] {subprocess.py:93} INFO - [31m---------------------------------------------------------------------------[39m
[2026-05-19T03:59:59.243+0000] {subprocess.py:93} INFO - [31mFileNotFoundError[39m                         Traceback (most recent call last)
[2026-05-19T03:59:59.244+0000] {subprocess.py:93} INFO - [36mCell[39m[36m [39m[32mIn[2][39m[32m, line 2[39m
[2026-05-19T03:59:59.245+0000] {subprocess.py:93} INFO - [32m      1[39m [38;5;66;03m# Load the raw event data using a relative path[39;00m
[2026-05-19T03:59:59.246+0000] {subprocess.py:93} INFO - [32m----> [39m[32m2[39m [38;5;28;01mwith[39;00m open([33m"../output/events.json"[39m, [33m"r"[39m, encoding=[33m"utf-8"[39m) [38;5;28;01mas[39;00m f:
[2026-05-19T03:59:59.247+0000] {subprocess.py:93} INFO - [32m      3[39m     raw_data = json.load(f)
[2026-05-19T03:59:59.247+0000] {subprocess.py:93} INFO - [32m      4[39m
[2026-05-19T03:59:59.248+0000] {subprocess.py:93} INFO - [32m      5[39m print(f"Loaded {len(raw_data)} fixture records.")
[2026-05-19T03:59:59.249+0000] {subprocess.py:93} INFO - 
[2026-05-19T03:59:59.252+0000] {subprocess.py:93} INFO - [31mFileNotFoundError[39m: [Errno 2] No such file or directory: '../output/events.json'
[2026-05-19T03:59:59.254+0000] {subprocess.py:93} INFO - 
[2026-05-19T03:59:59.760+0000] {subprocess.py:97} INFO - Command exited with return code 1
[2026-05-19T03:59:59.764+0000] {taskinstance.py:441} INFO - ::group::Post task execution logs
[2026-05-19T03:59:59.788+0000] {taskinstance.py:2905} ERROR - Task failed with exception
Traceback (most recent call last):
  File "/home/airflow/.local/lib/python3.12/site-packages/airflow/models/taskinstance.py", line 465, in _execute_task
    result = _execute_callable(context=context, **execute_callable_kwargs)
             ^^^^^^^^^^^^^^^^^^^^^^^^^^^^^^^^^^^^^^^^^^^^^^^^^^^^^^^^^^^^^
  File "/home/airflow/.local/lib/python3.12/site-packages/airflow/models/taskinstance.py", line 432, in _execute_callable
    return execute_callable(context=context, **execute_callable_kwargs)
           ^^^^^^^^^^^^^^^^^^^^^^^^^^^^^^^^^^^^^^^^^^^^^^^^^^^^^^^^^^^^
  File "/home/airflow/.local/lib/python3.12/site-packages/airflow/models/baseoperator.py", line 400, in wrapper
    return func(self, *args, **kwargs)
           ^^^^^^^^^^^^^^^^^^^^^^^^^^^
  File "/home/airflow/.local/lib/python3.12/site-packages/airflow/operators/bash.py", line 243, in execute
    raise AirflowException(
airflow.exceptions.AirflowException: Bash command failed. The command returned a non-zero exit code 1.
[2026-05-19T03:59:59.802+0000] {taskinstance.py:1206} INFO - Marking task as FAILED. dag_id=football_etl_pipeline, task_id=transform_events, run_id=manual__2026-05-19T03:57:49.921138+00:00, execution_date=20260519T035749, start_date=20260519T035908, end_date=20260519T035959
[2026-05-19T03:59:59.833+0000] {standard_task_runner.py:110} ERROR - Failed to execute job 6 for task transform_events (Bash command failed. The command returned a non-zero exit code 1.; 254)
[2026-05-19T03:59:59.843+0000] {local_task_job_runner.py:240} INFO - Task exited with return code 1
[2026-05-19T03:59:59.870+0000] {taskinstance.py:3498} INFO - 0 downstream tasks scheduled from follow-on schedule check
[2026-05-19T03:59:59.875+0000] {local_task_job_runner.py:222} INFO - ::endgroup::
