[2026-05-19T04:11:06.838+0000] {local_task_job_runner.py:120} INFO - ::group::Pre task execution logs
[2026-05-19T04:11:06.863+0000] {taskinstance.py:2076} INFO - Dependencies all met for dep_context=non-requeueable deps ti=<TaskInstance: football_etl_pipeline.transform_events manual__2026-05-19T03:57:49.921138+00:00 [queued]>
[2026-05-19T04:11:06.871+0000] {taskinstance.py:2076} INFO - Dependencies all met for dep_context=requeueable deps ti=<TaskInstance: football_etl_pipeline.transform_events manual__2026-05-19T03:57:49.921138+00:00 [queued]>
[2026-05-19T04:11:06.873+0000] {taskinstance.py:2306} INFO - Starting attempt 5 of 5
[2026-05-19T04:11:06.884+0000] {taskinstance.py:2330} INFO - Executing <Task(BashOperator): transform_events> on 2026-05-19 03:57:49.921138+00:00
[2026-05-19T04:11:06.891+0000] {warnings.py:110} WARNING - /home/***/.local/lib/python3.12/site-packages/***/task/task_runner/standard_task_runner.py:61: DeprecationWarning: This process (pid=594) is multi-threaded, use of fork() may lead to deadlocks in the child.
  pid = os.fork()

[2026-05-19T04:11:06.893+0000] {standard_task_runner.py:63} INFO - Started process 596 to run task
[2026-05-19T04:11:06.893+0000] {standard_task_runner.py:90} INFO - Running: ['***', 'tasks', 'run', 'football_etl_pipeline', 'transform_events', 'manual__2026-05-19T03:57:49.921138+00:00', '--job-id', '10', '--raw', '--subdir', 'DAGS_FOLDER/football_etl_dag.py', '--cfg-path', '/tmp/tmp6whqvz1u']
[2026-05-19T04:11:06.896+0000] {standard_task_runner.py:91} INFO - Job 10: Subtask transform_events
[2026-05-19T04:11:06.949+0000] {task_command.py:426} INFO - Running <TaskInstance: football_etl_pipeline.transform_events manual__2026-05-19T03:57:49.921138+00:00 [running]> on host 1fc74b92fe5a
[2026-05-19T04:11:07.034+0000] {taskinstance.py:2648} INFO - Exporting env vars: AIRFLOW_CTX_DAG_OWNER='***' AIRFLOW_CTX_DAG_ID='football_etl_pipeline' AIRFLOW_CTX_TASK_ID='transform_events' AIRFLOW_CTX_EXECUTION_DATE='2026-05-19T03:57:49.921138+00:00' AIRFLOW_CTX_TRY_NUMBER='5' AIRFLOW_CTX_DAG_RUN_ID='manual__2026-05-19T03:57:49.921138+00:00'
[2026-05-19T04:11:07.036+0000] {taskinstance.py:430} INFO - ::endgroup::
[2026-05-19T04:11:07.041+0000] {subprocess.py:63} INFO - Tmp dir root location: /tmp
[2026-05-19T04:11:07.042+0000] {subprocess.py:75} INFO - Running command: ['/usr/bin/bash', '-c', 'jupyter nbconvert --execute --to notebook --inplace /opt/***/etl/transform/transform_event_data.ipynb']
[2026-05-19T04:11:07.056+0000] {subprocess.py:86} INFO - Output:
[2026-05-19T04:11:09.518+0000] {subprocess.py:93} INFO - [NbConvertApp] Converting notebook /opt/***/etl/transform/transform_event_data.ipynb to notebook
[2026-05-19T04:11:13.815+0000] {subprocess.py:93} INFO - Traceback (most recent call last):
[2026-05-19T04:11:13.820+0000] {subprocess.py:93} INFO -   File "/home/***/.local/bin/jupyter-nbconvert", line 8, in <module>
[2026-05-19T04:11:13.821+0000] {subprocess.py:93} INFO -     sys.exit(main())
[2026-05-19T04:11:13.821+0000] {subprocess.py:93} INFO -              ^^^^^^
[2026-05-19T04:11:13.821+0000] {subprocess.py:93} INFO -   File "/home/***/.local/lib/python3.12/site-packages/jupyter_core/application.py", line 284, in launch_instance
[2026-05-19T04:11:13.823+0000] {subprocess.py:93} INFO -     super().launch_instance(argv=argv, **kwargs)
[2026-05-19T04:11:13.824+0000] {subprocess.py:93} INFO -   File "/home/***/.local/lib/python3.12/site-packages/traitlets/config/application.py", line 1082, in launch_instance
[2026-05-19T04:11:13.825+0000] {subprocess.py:93} INFO -     app.start()
[2026-05-19T04:11:13.825+0000] {subprocess.py:93} INFO -   File "/home/***/.local/lib/python3.12/site-packages/nbconvert/nbconvertapp.py", line 420, in start
[2026-05-19T04:11:13.826+0000] {subprocess.py:93} INFO -     self.convert_notebooks()
[2026-05-19T04:11:13.826+0000] {subprocess.py:93} INFO -   File "/home/***/.local/lib/python3.12/site-packages/nbconvert/nbconvertapp.py", line 597, in convert_notebooks
[2026-05-19T04:11:13.827+0000] {subprocess.py:93} INFO -     self.convert_single_notebook(notebook_filename)
[2026-05-19T04:11:13.827+0000] {subprocess.py:93} INFO -   File "/home/***/.local/lib/python3.12/site-packages/nbconvert/nbconvertapp.py", line 563, in convert_single_notebook
[2026-05-19T04:11:13.828+0000] {subprocess.py:93} INFO -     output, resources = self.export_single_notebook(
[2026-05-19T04:11:13.828+0000] {subprocess.py:93} INFO -                         ^^^^^^^^^^^^^^^^^^^^^^^^^^^^
[2026-05-19T04:11:13.829+0000] {subprocess.py:93} INFO -   File "/home/***/.local/lib/python3.12/site-packages/nbconvert/nbconvertapp.py", line 487, in export_single_notebook
[2026-05-19T04:11:13.830+0000] {subprocess.py:93} INFO -     output, resources = self.exporter.from_filename(
[2026-05-19T04:11:13.831+0000] {subprocess.py:93} INFO -                         ^^^^^^^^^^^^^^^^^^^^^^^^^^^^
[2026-05-19T04:11:13.831+0000] {subprocess.py:93} INFO -   File "/home/***/.local/lib/python3.12/site-packages/nbconvert/exporters/exporter.py", line 201, in from_filename
[2026-05-19T04:11:13.832+0000] {subprocess.py:93} INFO -     return self.from_file(f, resources=resources, **kw)
[2026-05-19T04:11:13.832+0000] {subprocess.py:93} INFO -            ^^^^^^^^^^^^^^^^^^^^^^^^^^^^^^^^^^^^^^^^^^^^
[2026-05-19T04:11:13.837+0000] {subprocess.py:93} INFO -   File "/home/***/.local/lib/python3.12/site-packages/nbconvert/exporters/exporter.py", line 220, in from_file
[2026-05-19T04:11:13.838+0000] {subprocess.py:93} INFO -     return self.from_notebook_node(
[2026-05-19T04:11:13.839+0000] {subprocess.py:93} INFO -            ^^^^^^^^^^^^^^^^^^^^^^^^
[2026-05-19T04:11:13.839+0000] {subprocess.py:93} INFO -   File "/home/***/.local/lib/python3.12/site-packages/nbconvert/exporters/notebook.py", line 36, in from_notebook_node
[2026-05-19T04:11:13.840+0000] {subprocess.py:93} INFO -     nb_copy, resources = super().from_notebook_node(nb, resources, **kw)
[2026-05-19T04:11:13.840+0000] {subprocess.py:93} INFO -                          ^^^^^^^^^^^^^^^^^^^^^^^^^^^^^^^^^^^^^^^^^^^^^^^
[2026-05-19T04:11:13.841+0000] {subprocess.py:93} INFO -   File "/home/***/.local/lib/python3.12/site-packages/nbconvert/exporters/exporter.py", line 154, in from_notebook_node
[2026-05-19T04:11:13.841+0000] {subprocess.py:93} INFO -     nb_copy, resources = self._preprocess(nb_copy, resources)
[2026-05-19T04:11:13.842+0000] {subprocess.py:93} INFO -                          ^^^^^^^^^^^^^^^^^^^^^^^^^^^^^^^^^^^^
[2026-05-19T04:11:13.842+0000] {subprocess.py:93} INFO -   File "/home/***/.local/lib/python3.12/site-packages/nbconvert/exporters/exporter.py", line 353, in _preprocess
[2026-05-19T04:11:13.843+0000] {subprocess.py:93} INFO -     nbc, resc = preprocessor(nbc, resc)
[2026-05-19T04:11:13.844+0000] {subprocess.py:93} INFO -                 ^^^^^^^^^^^^^^^^^^^^^^^
[2026-05-19T04:11:13.845+0000] {subprocess.py:93} INFO -   File "/home/***/.local/lib/python3.12/site-packages/nbconvert/preprocessors/base.py", line 48, in __call__
[2026-05-19T04:11:13.846+0000] {subprocess.py:93} INFO -     return self.preprocess(nb, resources)
[2026-05-19T04:11:13.846+0000] {subprocess.py:93} INFO -            ^^^^^^^^^^^^^^^^^^^^^^^^^^^^^^
[2026-05-19T04:11:13.847+0000] {subprocess.py:93} INFO -   File "/home/***/.local/lib/python3.12/site-packages/nbconvert/preprocessors/execute.py", line 103, in preprocess
[2026-05-19T04:11:13.847+0000] {subprocess.py:93} INFO -     self.preprocess_cell(cell, resources, index)
[2026-05-19T04:11:13.848+0000] {subprocess.py:93} INFO -   File "/home/***/.local/lib/python3.12/site-packages/nbconvert/preprocessors/execute.py", line 124, in preprocess_cell
[2026-05-19T04:11:13.849+0000] {subprocess.py:93} INFO -     cell = self.execute_cell(cell, index, store_history=True)
[2026-05-19T04:11:13.849+0000] {subprocess.py:93} INFO -            ^^^^^^^^^^^^^^^^^^^^^^^^^^^^^^^^^^^^^^^^^^^^^^^^^^
[2026-05-19T04:11:13.850+0000] {subprocess.py:93} INFO -   File "/home/***/.local/lib/python3.12/site-packages/jupyter_core/utils/__init__.py", line 165, in wrapped
[2026-05-19T04:11:13.851+0000] {subprocess.py:93} INFO -     return loop.run_until_complete(inner)
[2026-05-19T04:11:13.852+0000] {subprocess.py:93} INFO -            ^^^^^^^^^^^^^^^^^^^^^^^^^^^^^^
[2026-05-19T04:11:13.852+0000] {subprocess.py:93} INFO -   File "/usr/local/lib/python3.12/asyncio/base_events.py", line 687, in run_until_complete
[2026-05-19T04:11:13.853+0000] {subprocess.py:93} INFO -     return future.result()
[2026-05-19T04:11:13.853+0000] {subprocess.py:93} INFO -            ^^^^^^^^^^^^^^^
[2026-05-19T04:11:13.854+0000] {subprocess.py:93} INFO -   File "/home/***/.local/lib/python3.12/site-packages/nbclient/client.py", line 1062, in async_execute_cell
[2026-05-19T04:11:13.855+0000] {subprocess.py:93} INFO -     await self._check_raise_for_error(cell, cell_index, exec_reply)
[2026-05-19T04:11:13.855+0000] {subprocess.py:93} INFO -   File "/home/***/.local/lib/python3.12/site-packages/nbclient/client.py", line 918, in _check_raise_for_error
[2026-05-19T04:11:13.856+0000] {subprocess.py:93} INFO -     raise CellExecutionError.from_cell_and_msg(cell, exec_reply_content)
[2026-05-19T04:11:13.856+0000] {subprocess.py:93} INFO - nbclient.exceptions.CellExecutionError: An error occurred while executing the following cell:
[2026-05-19T04:11:13.857+0000] {subprocess.py:93} INFO - ------------------
[2026-05-19T04:11:13.858+0000] {subprocess.py:93} INFO - event_type = []
[2026-05-19T04:11:13.859+0000] {subprocess.py:93} INFO - event_id = 1
[2026-05-19T04:11:13.860+0000] {subprocess.py:93} INFO - player_id = []
[2026-05-19T04:11:13.861+0000] {subprocess.py:93} INFO - player_data = []
[2026-05-19T04:11:13.862+0000] {subprocess.py:93} INFO - for raw in raw_data:
[2026-05-19T04:11:13.862+0000] {subprocess.py:93} INFO -     event_in_fixture = raw["data"]["response"]
[2026-05-19T04:11:13.863+0000] {subprocess.py:93} INFO -     fixture_id = int(raw["data"]["parameters"]["fixture"])
[2026-05-19T04:11:13.863+0000] {subprocess.py:93} INFO -     for event in event_in_fixture:
[2026-05-19T04:11:13.865+0000] {subprocess.py:93} INFO -         if event["type"] == "Card":
[2026-05-19T04:11:13.866+0000] {subprocess.py:93} INFO -             card_event.append({
[2026-05-19T04:11:13.867+0000] {subprocess.py:93} INFO -                 "event_id" : event_id,
[2026-05-19T04:11:13.867+0000] {subprocess.py:93} INFO -                 "fixture_id" : fixture_id,
[2026-05-19T04:11:13.867+0000] {subprocess.py:93} INFO -                 "team_id": event["team"]["id"],
[2026-05-19T04:11:13.868+0000] {subprocess.py:93} INFO -                 "player_id" : event["player"]["id"],
[2026-05-19T04:11:13.868+0000] {subprocess.py:93} INFO -                 "player_name": event["player"]["name"],
[2026-05-19T04:11:13.869+0000] {subprocess.py:93} INFO -                 "minute" : event["time"]["elapsed"] + (event["time"]["extra"] or 0),
[2026-05-19T04:11:13.871+0000] {subprocess.py:93} INFO -                 "detail" : event["detail"]
[2026-05-19T04:11:13.872+0000] {subprocess.py:93} INFO -             })
[2026-05-19T04:11:13.873+0000] {subprocess.py:93} INFO -         elif event["type"] == "subst":
[2026-05-19T04:11:13.873+0000] {subprocess.py:93} INFO -             subst_event.append({
[2026-05-19T04:11:13.874+0000] {subprocess.py:93} INFO -                 "event_id" : event_id,
[2026-05-19T04:11:13.875+0000] {subprocess.py:93} INFO -                 "fixture_id" : fixture_id,
[2026-05-19T04:11:13.876+0000] {subprocess.py:93} INFO -                 "team_id": event["team"]["id"],
[2026-05-19T04:11:13.877+0000] {subprocess.py:93} INFO -                 "player_in_id" : event["player"]["id"],
[2026-05-19T04:11:13.877+0000] {subprocess.py:93} INFO -                 "player_in_name": event["player"]["name"],
[2026-05-19T04:11:13.878+0000] {subprocess.py:93} INFO -                 "player_out_id": event["assist"]["id"],
[2026-05-19T04:11:13.878+0000] {subprocess.py:93} INFO -                 "player_out_name": event["assist"]["name"],
[2026-05-19T04:11:13.880+0000] {subprocess.py:93} INFO -                 "minute" : event["time"]["elapsed"] + (event["time"]["extra"] or 0),
[2026-05-19T04:11:13.881+0000] {subprocess.py:93} INFO -                 "detail" : event["detail"]
[2026-05-19T04:11:13.882+0000] {subprocess.py:93} INFO -             })
[2026-05-19T04:11:13.883+0000] {subprocess.py:93} INFO -         elif event["type"] == "Goal":
[2026-05-19T04:11:13.884+0000] {subprocess.py:93} INFO -             goal_event.append({
[2026-05-19T04:11:13.886+0000] {subprocess.py:93} INFO -                 "event_id" : event_id,
[2026-05-19T04:11:13.887+0000] {subprocess.py:93} INFO -                 "fixture_id" : fixture_id,
[2026-05-19T04:11:13.887+0000] {subprocess.py:93} INFO -                 "team_id": event["team"]["id"],
[2026-05-19T04:11:13.888+0000] {subprocess.py:93} INFO -                 "player_score_id" : event["player"]["id"],
[2026-05-19T04:11:13.889+0000] {subprocess.py:93} INFO -                 "player_score_name" : event["player"]["name"],
[2026-05-19T04:11:13.891+0000] {subprocess.py:93} INFO -                 "player_assist_id" : event["assist"]["id"],
[2026-05-19T04:11:13.893+0000] {subprocess.py:93} INFO -                 "player_assist_name" : event["assist"]["name"],
[2026-05-19T04:11:13.893+0000] {subprocess.py:93} INFO -                 "minute" : event["time"]["elapsed"] + (event["time"]["extra"] or 0),
[2026-05-19T04:11:13.895+0000] {subprocess.py:93} INFO -                 "detail" : event["detail"]
[2026-05-19T04:11:13.895+0000] {subprocess.py:93} INFO -             })
[2026-05-19T04:11:13.896+0000] {subprocess.py:93} INFO -         else:
[2026-05-19T04:11:13.897+0000] {subprocess.py:93} INFO -             var_event.append({
[2026-05-19T04:11:13.899+0000] {subprocess.py:93} INFO -                 "event_id" : event_id,
[2026-05-19T04:11:13.900+0000] {subprocess.py:93} INFO -                 "fixture_id" : fixture_id,
[2026-05-19T04:11:13.901+0000] {subprocess.py:93} INFO -                 "team_id": event["team"]["id"],
[2026-05-19T04:11:13.901+0000] {subprocess.py:93} INFO -                 "player_id" : event["player"]["id"],
[2026-05-19T04:11:13.902+0000] {subprocess.py:93} INFO -                 "player_name": event["player"]["name"],
[2026-05-19T04:11:13.903+0000] {subprocess.py:93} INFO -                 "minute" : event["time"]["elapsed"] + (event["time"]["extra"] or 0),
[2026-05-19T04:11:13.904+0000] {subprocess.py:93} INFO -                 "detail" : event["detail"]
[2026-05-19T04:11:13.905+0000] {subprocess.py:93} INFO -             })
[2026-05-19T04:11:13.906+0000] {subprocess.py:93} INFO -         event_id += 1
[2026-05-19T04:11:13.907+0000] {subprocess.py:93} INFO - ------------------
[2026-05-19T04:11:13.908+0000] {subprocess.py:93} INFO - 
[2026-05-19T04:11:13.908+0000] {subprocess.py:93} INFO - 
[2026-05-19T04:11:13.909+0000] {subprocess.py:93} INFO - [31m---------------------------------------------------------------------------[39m
[2026-05-19T04:11:13.909+0000] {subprocess.py:93} INFO - [31mKeyError[39m                                  Traceback (most recent call last)
[2026-05-19T04:11:13.910+0000] {subprocess.py:93} INFO - [36mCell[39m[36m [39m[32mIn[5][39m[32m, line 6[39m
[2026-05-19T04:11:13.911+0000] {subprocess.py:93} INFO - [32m      2[39m event_id = [32m1[39m
[2026-05-19T04:11:13.912+0000] {subprocess.py:93} INFO - [32m      3[39m player_id = []
[2026-05-19T04:11:13.913+0000] {subprocess.py:93} INFO - [32m      4[39m player_data = []
[2026-05-19T04:11:13.915+0000] {subprocess.py:93} INFO - [32m      5[39m [38;5;28;01mfor[39;00m raw [38;5;28;01min[39;00m raw_data:
[2026-05-19T04:11:13.916+0000] {subprocess.py:93} INFO - [32m----> [39m[32m6[39m     event_in_fixture = raw[[33m"data"[39m][[33m"response"[39m]
[2026-05-19T04:11:13.917+0000] {subprocess.py:93} INFO - [32m      7[39m     fixture_id = int(raw[[33m"data"[39m][[33m"parameters"[39m][[33m"fixture"[39m])
[2026-05-19T04:11:13.918+0000] {subprocess.py:93} INFO - [32m      8[39m     [38;5;28;01mfor[39;00m event [38;5;28;01min[39;00m event_in_fixture:
[2026-05-19T04:11:13.919+0000] {subprocess.py:93} INFO - [32m      9[39m         [38;5;28;01mif[39;00m event[[33m"type"[39m] == [33m"Card"[39m:
[2026-05-19T04:11:13.921+0000] {subprocess.py:93} INFO - 
[2026-05-19T04:11:13.922+0000] {subprocess.py:93} INFO - [31mKeyError[39m: 'data'
[2026-05-19T04:11:13.922+0000] {subprocess.py:93} INFO - 
[2026-05-19T04:11:14.084+0000] {subprocess.py:97} INFO - Command exited with return code 1
[2026-05-19T04:11:14.089+0000] {taskinstance.py:441} INFO - ::group::Post task execution logs
[2026-05-19T04:11:14.124+0000] {taskinstance.py:2905} ERROR - Task failed with exception
Traceback (most recent call last):
  File "/home/airflow/.local/lib/python3.12/site-packages/airflow/models/taskinstance.py", line 465, in _execute_task
    result = _execute_callable(context=context, **execute_callable_kwargs)
             ^^^^^^^^^^^^^^^^^^^^^^^^^^^^^^^^^^^^^^^^^^^^^^^^^^^^^^^^^^^^^
  File "/home/airflow/.local/lib/python3.12/site-packages/airflow/models/taskinstance.py", line 432, in _execute_callable
    return execute_callable(context=context, **execute_callable_kwargs)
           ^^^^^^^^^^^^^^^^^^^^^^^^^^^^^^^^^^^^^^^^^^^^^^^^^^^^^^^^^^^^
  File "/home/airflow/.local/lib/python3.12/site-packages/airflow/models/baseoperator.py", line 400, in wrapper
    return func(self, *args, **kwargs)
           ^^^^^^^^^^^^^^^^^^^^^^^^^^^
  File "/home/airflow/.local/lib/python3.12/site-packages/airflow/operators/bash.py", line 243, in execute
    raise AirflowException(
airflow.exceptions.AirflowException: Bash command failed. The command returned a non-zero exit code 1.
[2026-05-19T04:11:14.138+0000] {taskinstance.py:1206} INFO - Marking task as FAILED. dag_id=football_etl_pipeline, task_id=transform_events, run_id=manual__2026-05-19T03:57:49.921138+00:00, execution_date=20260519T035749, start_date=20260519T041106, end_date=20260519T041114
[2026-05-19T04:11:14.167+0000] {standard_task_runner.py:110} ERROR - Failed to execute job 10 for task transform_events (Bash command failed. The command returned a non-zero exit code 1.; 596)
[2026-05-19T04:11:14.183+0000] {local_task_job_runner.py:240} INFO - Task exited with return code 1
[2026-05-19T04:11:14.228+0000] {taskinstance.py:3498} INFO - 0 downstream tasks scheduled from follow-on schedule check
[2026-05-19T04:11:14.237+0000] {local_task_job_runner.py:222} INFO - ::endgroup::
