[2026-05-19T04:09:15.897+0000] {local_task_job_runner.py:120} INFO - ::group::Pre task execution logs
[2026-05-19T04:09:15.932+0000] {taskinstance.py:2076} INFO - Dependencies all met for dep_context=non-requeueable deps ti=<TaskInstance: football_etl_pipeline.transform_events manual__2026-05-19T03:57:49.921138+00:00 [queued]>
[2026-05-19T04:09:15.947+0000] {taskinstance.py:2076} INFO - Dependencies all met for dep_context=requeueable deps ti=<TaskInstance: football_etl_pipeline.transform_events manual__2026-05-19T03:57:49.921138+00:00 [queued]>
[2026-05-19T04:09:15.948+0000] {taskinstance.py:2306} INFO - Starting attempt 4 of 4
[2026-05-19T04:09:15.965+0000] {taskinstance.py:2330} INFO - Executing <Task(BashOperator): transform_events> on 2026-05-19 03:57:49.921138+00:00
[2026-05-19T04:09:15.974+0000] {warnings.py:110} WARNING - /home/***/.local/lib/python3.12/site-packages/***/task/task_runner/standard_task_runner.py:61: DeprecationWarning: This process (pid=539) is multi-threaded, use of fork() may lead to deadlocks in the child.
  pid = os.fork()

[2026-05-19T04:09:15.976+0000] {standard_task_runner.py:63} INFO - Started process 541 to run task
[2026-05-19T04:09:15.976+0000] {standard_task_runner.py:90} INFO - Running: ['***', 'tasks', 'run', 'football_etl_pipeline', 'transform_events', 'manual__2026-05-19T03:57:49.921138+00:00', '--job-id', '9', '--raw', '--subdir', 'DAGS_FOLDER/football_etl_dag.py', '--cfg-path', '/tmp/tmpu5mu2ncl']
[2026-05-19T04:09:15.979+0000] {standard_task_runner.py:91} INFO - Job 9: Subtask transform_events
[2026-05-19T04:09:16.032+0000] {task_command.py:426} INFO - Running <TaskInstance: football_etl_pipeline.transform_events manual__2026-05-19T03:57:49.921138+00:00 [running]> on host 1fc74b92fe5a
[2026-05-19T04:09:16.112+0000] {taskinstance.py:2648} INFO - Exporting env vars: AIRFLOW_CTX_DAG_OWNER='***' AIRFLOW_CTX_DAG_ID='football_etl_pipeline' AIRFLOW_CTX_TASK_ID='transform_events' AIRFLOW_CTX_EXECUTION_DATE='2026-05-19T03:57:49.921138+00:00' AIRFLOW_CTX_TRY_NUMBER='4' AIRFLOW_CTX_DAG_RUN_ID='manual__2026-05-19T03:57:49.921138+00:00'
[2026-05-19T04:09:16.114+0000] {taskinstance.py:430} INFO - ::endgroup::
[2026-05-19T04:09:16.118+0000] {subprocess.py:63} INFO - Tmp dir root location: /tmp
[2026-05-19T04:09:16.122+0000] {subprocess.py:75} INFO - Running command: ['/usr/bin/bash', '-c', 'jupyter nbconvert --execute --to notebook --inplace /opt/***/etl/transform/transform_event_data.ipynb']
[2026-05-19T04:09:16.140+0000] {subprocess.py:86} INFO - Output:
[2026-05-19T04:09:18.665+0000] {subprocess.py:93} INFO - [NbConvertApp] Converting notebook /opt/***/etl/transform/transform_event_data.ipynb to notebook
[2026-05-19T04:09:27.972+0000] {subprocess.py:93} INFO - Traceback (most recent call last):
[2026-05-19T04:09:27.974+0000] {subprocess.py:93} INFO -   File "/home/***/.local/bin/jupyter-nbconvert", line 8, in <module>
[2026-05-19T04:09:27.978+0000] {subprocess.py:93} INFO -     sys.exit(main())
[2026-05-19T04:09:27.979+0000] {subprocess.py:93} INFO -              ^^^^^^
[2026-05-19T04:09:27.980+0000] {subprocess.py:93} INFO -   File "/home/***/.local/lib/python3.12/site-packages/jupyter_core/application.py", line 284, in launch_instance
[2026-05-19T04:09:27.984+0000] {subprocess.py:93} INFO -     super().launch_instance(argv=argv, **kwargs)
[2026-05-19T04:09:27.985+0000] {subprocess.py:93} INFO -   File "/home/***/.local/lib/python3.12/site-packages/traitlets/config/application.py", line 1082, in launch_instance
[2026-05-19T04:09:27.988+0000] {subprocess.py:93} INFO -     app.start()
[2026-05-19T04:09:27.989+0000] {subprocess.py:93} INFO -   File "/home/***/.local/lib/python3.12/site-packages/nbconvert/nbconvertapp.py", line 420, in start
[2026-05-19T04:09:27.992+0000] {subprocess.py:93} INFO -     self.convert_notebooks()
[2026-05-19T04:09:27.992+0000] {subprocess.py:93} INFO -   File "/home/***/.local/lib/python3.12/site-packages/nbconvert/nbconvertapp.py", line 597, in convert_notebooks
[2026-05-19T04:09:27.993+0000] {subprocess.py:93} INFO -     self.convert_single_notebook(notebook_filename)
[2026-05-19T04:09:27.994+0000] {subprocess.py:93} INFO -   File "/home/***/.local/lib/python3.12/site-packages/nbconvert/nbconvertapp.py", line 563, in convert_single_notebook
[2026-05-19T04:09:27.995+0000] {subprocess.py:93} INFO -     output, resources = self.export_single_notebook(
[2026-05-19T04:09:27.996+0000] {subprocess.py:93} INFO -                         ^^^^^^^^^^^^^^^^^^^^^^^^^^^^
[2026-05-19T04:09:27.996+0000] {subprocess.py:93} INFO -   File "/home/***/.local/lib/python3.12/site-packages/nbconvert/nbconvertapp.py", line 487, in export_single_notebook
[2026-05-19T04:09:27.997+0000] {subprocess.py:93} INFO -     output, resources = self.exporter.from_filename(
[2026-05-19T04:09:27.997+0000] {subprocess.py:93} INFO -                         ^^^^^^^^^^^^^^^^^^^^^^^^^^^^
[2026-05-19T04:09:27.998+0000] {subprocess.py:93} INFO -   File "/home/***/.local/lib/python3.12/site-packages/nbconvert/exporters/exporter.py", line 201, in from_filename
[2026-05-19T04:09:27.998+0000] {subprocess.py:93} INFO -     return self.from_file(f, resources=resources, **kw)
[2026-05-19T04:09:27.999+0000] {subprocess.py:93} INFO -            ^^^^^^^^^^^^^^^^^^^^^^^^^^^^^^^^^^^^^^^^^^^^
[2026-05-19T04:09:27.999+0000] {subprocess.py:93} INFO -   File "/home/***/.local/lib/python3.12/site-packages/nbconvert/exporters/exporter.py", line 220, in from_file
[2026-05-19T04:09:28.000+0000] {subprocess.py:93} INFO -     return self.from_notebook_node(
[2026-05-19T04:09:28.000+0000] {subprocess.py:93} INFO -            ^^^^^^^^^^^^^^^^^^^^^^^^
[2026-05-19T04:09:28.001+0000] {subprocess.py:93} INFO -   File "/home/***/.local/lib/python3.12/site-packages/nbconvert/exporters/notebook.py", line 36, in from_notebook_node
[2026-05-19T04:09:28.002+0000] {subprocess.py:93} INFO -     nb_copy, resources = super().from_notebook_node(nb, resources, **kw)
[2026-05-19T04:09:28.003+0000] {subprocess.py:93} INFO -                          ^^^^^^^^^^^^^^^^^^^^^^^^^^^^^^^^^^^^^^^^^^^^^^^
[2026-05-19T04:09:28.003+0000] {subprocess.py:93} INFO -   File "/home/***/.local/lib/python3.12/site-packages/nbconvert/exporters/exporter.py", line 154, in from_notebook_node
[2026-05-19T04:09:28.004+0000] {subprocess.py:93} INFO -     nb_copy, resources = self._preprocess(nb_copy, resources)
[2026-05-19T04:09:28.004+0000] {subprocess.py:93} INFO -                          ^^^^^^^^^^^^^^^^^^^^^^^^^^^^^^^^^^^^
[2026-05-19T04:09:28.005+0000] {subprocess.py:93} INFO -   File "/home/***/.local/lib/python3.12/site-packages/nbconvert/exporters/exporter.py", line 353, in _preprocess
[2026-05-19T04:09:28.006+0000] {subprocess.py:93} INFO -     nbc, resc = preprocessor(nbc, resc)
[2026-05-19T04:09:28.006+0000] {subprocess.py:93} INFO -                 ^^^^^^^^^^^^^^^^^^^^^^^
[2026-05-19T04:09:28.007+0000] {subprocess.py:93} INFO -   File "/home/***/.local/lib/python3.12/site-packages/nbconvert/preprocessors/base.py", line 48, in __call__
[2026-05-19T04:09:28.008+0000] {subprocess.py:93} INFO -     return self.preprocess(nb, resources)
[2026-05-19T04:09:28.009+0000] {subprocess.py:93} INFO -            ^^^^^^^^^^^^^^^^^^^^^^^^^^^^^^
[2026-05-19T04:09:28.010+0000] {subprocess.py:93} INFO -   File "/home/***/.local/lib/python3.12/site-packages/nbconvert/preprocessors/execute.py", line 103, in preprocess
[2026-05-19T04:09:28.010+0000] {subprocess.py:93} INFO -     self.preprocess_cell(cell, resources, index)
[2026-05-19T04:09:28.011+0000] {subprocess.py:93} INFO -   File "/home/***/.local/lib/python3.12/site-packages/nbconvert/preprocessors/execute.py", line 124, in preprocess_cell
[2026-05-19T04:09:28.011+0000] {subprocess.py:93} INFO -     cell = self.execute_cell(cell, index, store_history=True)
[2026-05-19T04:09:28.012+0000] {subprocess.py:93} INFO -            ^^^^^^^^^^^^^^^^^^^^^^^^^^^^^^^^^^^^^^^^^^^^^^^^^^
[2026-05-19T04:09:28.013+0000] {subprocess.py:93} INFO -   File "/home/***/.local/lib/python3.12/site-packages/jupyter_core/utils/__init__.py", line 165, in wrapped
[2026-05-19T04:09:28.013+0000] {subprocess.py:93} INFO -     return loop.run_until_complete(inner)
[2026-05-19T04:09:28.014+0000] {subprocess.py:93} INFO -            ^^^^^^^^^^^^^^^^^^^^^^^^^^^^^^
[2026-05-19T04:09:28.014+0000] {subprocess.py:93} INFO -   File "/usr/local/lib/python3.12/asyncio/base_events.py", line 687, in run_until_complete
[2026-05-19T04:09:28.015+0000] {subprocess.py:93} INFO -     return future.result()
[2026-05-19T04:09:28.016+0000] {subprocess.py:93} INFO -            ^^^^^^^^^^^^^^^
[2026-05-19T04:09:28.017+0000] {subprocess.py:93} INFO -   File "/home/***/.local/lib/python3.12/site-packages/nbclient/client.py", line 1062, in async_execute_cell
[2026-05-19T04:09:28.017+0000] {subprocess.py:93} INFO -     await self._check_raise_for_error(cell, cell_index, exec_reply)
[2026-05-19T04:09:28.018+0000] {subprocess.py:93} INFO -   File "/home/***/.local/lib/python3.12/site-packages/nbclient/client.py", line 918, in _check_raise_for_error
[2026-05-19T04:09:28.018+0000] {subprocess.py:93} INFO -     raise CellExecutionError.from_cell_and_msg(cell, exec_reply_content)
[2026-05-19T04:09:28.019+0000] {subprocess.py:93} INFO - nbclient.exceptions.CellExecutionError: An error occurred while executing the following cell:
[2026-05-19T04:09:28.019+0000] {subprocess.py:93} INFO - ------------------
[2026-05-19T04:09:28.020+0000] {subprocess.py:93} INFO - event_type = []
[2026-05-19T04:09:28.020+0000] {subprocess.py:93} INFO - event_id = 1
[2026-05-19T04:09:28.020+0000] {subprocess.py:93} INFO - player_id = []
[2026-05-19T04:09:28.021+0000] {subprocess.py:93} INFO - player_data = []
[2026-05-19T04:09:28.023+0000] {subprocess.py:93} INFO - for raw in raw_data:
[2026-05-19T04:09:28.023+0000] {subprocess.py:93} INFO -     event_in_fixture = raw["data"]["response"]
[2026-05-19T04:09:28.024+0000] {subprocess.py:93} INFO -     fixture_id = int(raw["data"]["parameters"]["fixture"])
[2026-05-19T04:09:28.025+0000] {subprocess.py:93} INFO -     for event in event_in_fixture:
[2026-05-19T04:09:28.025+0000] {subprocess.py:93} INFO -         if event["type"] == "Card":
[2026-05-19T04:09:28.026+0000] {subprocess.py:93} INFO -             card_event.append({
[2026-05-19T04:09:28.026+0000] {subprocess.py:93} INFO -                 "event_id" : event_id,
[2026-05-19T04:09:28.027+0000] {subprocess.py:93} INFO -                 "fixture_id" : fixture_id,
[2026-05-19T04:09:28.028+0000] {subprocess.py:93} INFO -                 "team_id": event["team"]["id"],
[2026-05-19T04:09:28.029+0000] {subprocess.py:93} INFO -                 "player_id" : event["player"]["id"],
[2026-05-19T04:09:28.029+0000] {subprocess.py:93} INFO -                 "player_name": event["player"]["name"],
[2026-05-19T04:09:28.031+0000] {subprocess.py:93} INFO -                 "minute" : event["time"]["elapsed"] + (event["time"]["extra"] or 0),
[2026-05-19T04:09:28.031+0000] {subprocess.py:93} INFO -                 "detail" : event["detail"]
[2026-05-19T04:09:28.032+0000] {subprocess.py:93} INFO -             })
[2026-05-19T04:09:28.032+0000] {subprocess.py:93} INFO -         elif event["type"] == "subst":
[2026-05-19T04:09:28.033+0000] {subprocess.py:93} INFO -             subst_event.append({
[2026-05-19T04:09:28.033+0000] {subprocess.py:93} INFO -                 "event_id" : event_id,
[2026-05-19T04:09:28.034+0000] {subprocess.py:93} INFO -                 "fixture_id" : fixture_id,
[2026-05-19T04:09:28.035+0000] {subprocess.py:93} INFO -                 "team_id": event["team"]["id"],
[2026-05-19T04:09:28.036+0000] {subprocess.py:93} INFO -                 "player_in_id" : event["player"]["id"],
[2026-05-19T04:09:28.037+0000] {subprocess.py:93} INFO -                 "player_in_name": event["player"]["name"],
[2026-05-19T04:09:28.038+0000] {subprocess.py:93} INFO -                 "player_out_id": event["assist"]["id"],
[2026-05-19T04:09:28.039+0000] {subprocess.py:93} INFO -                 "player_out_name": event["assist"]["name"],
[2026-05-19T04:09:28.039+0000] {subprocess.py:93} INFO -                 "minute" : event["time"]["elapsed"] + (event["time"]["extra"] or 0),
[2026-05-19T04:09:28.040+0000] {subprocess.py:93} INFO -                 "detail" : event["detail"]
[2026-05-19T04:09:28.040+0000] {subprocess.py:93} INFO -             })
[2026-05-19T04:09:28.041+0000] {subprocess.py:93} INFO -         elif event["type"] == "Goal":
[2026-05-19T04:09:28.041+0000] {subprocess.py:93} INFO -             goal_event.append({
[2026-05-19T04:09:28.042+0000] {subprocess.py:93} INFO -                 "event_id" : event_id,
[2026-05-19T04:09:28.042+0000] {subprocess.py:93} INFO -                 "fixture_id" : fixture_id,
[2026-05-19T04:09:28.043+0000] {subprocess.py:93} INFO -                 "team_id": event["team"]["id"],
[2026-05-19T04:09:28.044+0000] {subprocess.py:93} INFO -                 "player_score_id" : event["player"]["id"],
[2026-05-19T04:09:28.044+0000] {subprocess.py:93} INFO -                 "player_score_name" : event["player"]["name"],
[2026-05-19T04:09:28.045+0000] {subprocess.py:93} INFO -                 "player_assist_id" : event["assist"]["id"],
[2026-05-19T04:09:28.045+0000] {subprocess.py:93} INFO -                 "player_assist_name" : event["assist"]["name"],
[2026-05-19T04:09:28.046+0000] {subprocess.py:93} INFO -                 "minute" : event["time"]["elapsed"] + (event["time"]["extra"] or 0),
[2026-05-19T04:09:28.046+0000] {subprocess.py:93} INFO -                 "detail" : event["detail"]
[2026-05-19T04:09:28.047+0000] {subprocess.py:93} INFO -             })
[2026-05-19T04:09:28.047+0000] {subprocess.py:93} INFO -         else:
[2026-05-19T04:09:28.048+0000] {subprocess.py:93} INFO -             var_event.append({
[2026-05-19T04:09:28.048+0000] {subprocess.py:93} INFO -                 "event_id" : event_id,
[2026-05-19T04:09:28.049+0000] {subprocess.py:93} INFO -                 "fixture_id" : fixture_id,
[2026-05-19T04:09:28.049+0000] {subprocess.py:93} INFO -                 "team_id": event["team"]["id"],
[2026-05-19T04:09:28.050+0000] {subprocess.py:93} INFO -                 "player_id" : event["player"]["id"],
[2026-05-19T04:09:28.051+0000] {subprocess.py:93} INFO -                 "player_name": event["player"]["name"],
[2026-05-19T04:09:28.052+0000] {subprocess.py:93} INFO -                 "minute" : event["time"]["elapsed"] + (event["time"]["extra"] or 0),
[2026-05-19T04:09:28.052+0000] {subprocess.py:93} INFO -                 "detail" : event["detail"]
[2026-05-19T04:09:28.053+0000] {subprocess.py:93} INFO -             })
[2026-05-19T04:09:28.054+0000] {subprocess.py:93} INFO -         event_id += 1
[2026-05-19T04:09:28.055+0000] {subprocess.py:93} INFO - ------------------
[2026-05-19T04:09:28.055+0000] {subprocess.py:93} INFO - 
[2026-05-19T04:09:28.056+0000] {subprocess.py:93} INFO - 
[2026-05-19T04:09:28.057+0000] {subprocess.py:93} INFO - [31m---------------------------------------------------------------------------[39m
[2026-05-19T04:09:28.058+0000] {subprocess.py:93} INFO - [31mKeyError[39m                                  Traceback (most recent call last)
[2026-05-19T04:09:28.059+0000] {subprocess.py:93} INFO - [36mCell[39m[36m [39m[32mIn[5][39m[32m, line 6[39m
[2026-05-19T04:09:28.060+0000] {subprocess.py:93} INFO - [32m      2[39m event_id = [32m1[39m
[2026-05-19T04:09:28.060+0000] {subprocess.py:93} INFO - [32m      3[39m player_id = []
[2026-05-19T04:09:28.061+0000] {subprocess.py:93} INFO - [32m      4[39m player_data = []
[2026-05-19T04:09:28.061+0000] {subprocess.py:93} INFO - [32m      5[39m [38;5;28;01mfor[39;00m raw [38;5;28;01min[39;00m raw_data:
[2026-05-19T04:09:28.062+0000] {subprocess.py:93} INFO - [32m----> [39m[32m6[39m     event_in_fixture = raw[[33m"data"[39m][[33m"response"[39m]
[2026-05-19T04:09:28.062+0000] {subprocess.py:93} INFO - [32m      7[39m     fixture_id = int(raw[[33m"data"[39m][[33m"parameters"[39m][[33m"fixture"[39m])
[2026-05-19T04:09:28.063+0000] {subprocess.py:93} INFO - [32m      8[39m     [38;5;28;01mfor[39;00m event [38;5;28;01min[39;00m event_in_fixture:
[2026-05-19T04:09:28.064+0000] {subprocess.py:93} INFO - [32m      9[39m         [38;5;28;01mif[39;00m event[[33m"type"[39m] == [33m"Card"[39m:
[2026-05-19T04:09:28.064+0000] {subprocess.py:93} INFO - 
[2026-05-19T04:09:28.065+0000] {subprocess.py:93} INFO - [31mKeyError[39m: 'data'
[2026-05-19T04:09:28.066+0000] {subprocess.py:93} INFO - 
[2026-05-19T04:09:28.464+0000] {subprocess.py:97} INFO - Command exited with return code 1
[2026-05-19T04:09:28.466+0000] {taskinstance.py:441} INFO - ::group::Post task execution logs
[2026-05-19T04:09:28.479+0000] {taskinstance.py:2905} ERROR - Task failed with exception
Traceback (most recent call last):
  File "/home/airflow/.local/lib/python3.12/site-packages/airflow/models/taskinstance.py", line 465, in _execute_task
    result = _execute_callable(context=context, **execute_callable_kwargs)
             ^^^^^^^^^^^^^^^^^^^^^^^^^^^^^^^^^^^^^^^^^^^^^^^^^^^^^^^^^^^^^
  File "/home/airflow/.local/lib/python3.12/site-packages/airflow/models/taskinstance.py", line 432, in _execute_callable
    return execute_callable(context=context, **execute_callable_kwargs)
           ^^^^^^^^^^^^^^^^^^^^^^^^^^^^^^^^^^^^^^^^^^^^^^^^^^^^^^^^^^^^
  File "/home/airflow/.local/lib/python3.12/site-packages/airflow/models/baseoperator.py", line 400, in wrapper
    return func(self, *args, **kwargs)
           ^^^^^^^^^^^^^^^^^^^^^^^^^^^
  File "/home/airflow/.local/lib/python3.12/site-packages/airflow/operators/bash.py", line 243, in execute
    raise AirflowException(
airflow.exceptions.AirflowException: Bash command failed. The command returned a non-zero exit code 1.
[2026-05-19T04:09:28.488+0000] {taskinstance.py:1206} INFO - Marking task as FAILED. dag_id=football_etl_pipeline, task_id=transform_events, run_id=manual__2026-05-19T03:57:49.921138+00:00, execution_date=20260519T035749, start_date=20260519T040915, end_date=20260519T040928
[2026-05-19T04:09:28.515+0000] {standard_task_runner.py:110} ERROR - Failed to execute job 9 for task transform_events (Bash command failed. The command returned a non-zero exit code 1.; 541)
[2026-05-19T04:09:28.526+0000] {local_task_job_runner.py:240} INFO - Task exited with return code 1
[2026-05-19T04:09:28.561+0000] {taskinstance.py:3498} INFO - 0 downstream tasks scheduled from follow-on schedule check
[2026-05-19T04:09:28.569+0000] {local_task_job_runner.py:222} INFO - ::endgroup::
