[2026-05-19T14:11:30.951+0000] {local_task_job_runner.py:120} INFO - ::group::Pre task execution logs
[2026-05-19T14:11:30.977+0000] {taskinstance.py:2076} INFO - Dependencies all met for dep_context=non-requeueable deps ti=<TaskInstance: football_etl_pipeline.extract_fixtures manual__2026-05-19T14:11:22.277882+00:00 [queued]>
[2026-05-19T14:11:30.986+0000] {taskinstance.py:2076} INFO - Dependencies all met for dep_context=requeueable deps ti=<TaskInstance: football_etl_pipeline.extract_fixtures manual__2026-05-19T14:11:22.277882+00:00 [queued]>
[2026-05-19T14:11:30.987+0000] {taskinstance.py:2306} INFO - Starting attempt 1 of 1
[2026-05-19T14:11:31.003+0000] {taskinstance.py:2330} INFO - Executing <Task(BashOperator): extract_fixtures> on 2026-05-19 14:11:22.277882+00:00
[2026-05-19T14:11:31.014+0000] {warnings.py:110} WARNING - /home/***/.local/lib/python3.12/site-packages/***/task/task_runner/standard_task_runner.py:61: DeprecationWarning: This process (pid=8511) is multi-threaded, use of fork() may lead to deadlocks in the child.
  pid = os.fork()

[2026-05-19T14:11:31.016+0000] {standard_task_runner.py:63} INFO - Started process 8513 to run task
[2026-05-19T14:11:31.015+0000] {standard_task_runner.py:90} INFO - Running: ['***', 'tasks', 'run', 'football_etl_pipeline', 'extract_fixtures', 'manual__2026-05-19T14:11:22.277882+00:00', '--job-id', '29', '--raw', '--subdir', 'DAGS_FOLDER/football_etl_dag.py', '--cfg-path', '/tmp/tmpj2zhk841']
[2026-05-19T14:11:31.018+0000] {standard_task_runner.py:91} INFO - Job 29: Subtask extract_fixtures
[2026-05-19T14:11:31.072+0000] {task_command.py:426} INFO - Running <TaskInstance: football_etl_pipeline.extract_fixtures manual__2026-05-19T14:11:22.277882+00:00 [running]> on host 1fc74b92fe5a
[2026-05-19T14:11:31.167+0000] {taskinstance.py:2648} INFO - Exporting env vars: AIRFLOW_CTX_DAG_OWNER='***' AIRFLOW_CTX_DAG_ID='football_etl_pipeline' AIRFLOW_CTX_TASK_ID='extract_fixtures' AIRFLOW_CTX_EXECUTION_DATE='2026-05-19T14:11:22.277882+00:00' AIRFLOW_CTX_TRY_NUMBER='1' AIRFLOW_CTX_DAG_RUN_ID='manual__2026-05-19T14:11:22.277882+00:00'
[2026-05-19T14:11:31.171+0000] {taskinstance.py:430} INFO - ::endgroup::
[2026-05-19T14:11:31.178+0000] {subprocess.py:63} INFO - Tmp dir root location: /tmp
[2026-05-19T14:11:31.190+0000] {subprocess.py:75} INFO - Running command: ['/usr/bin/bash', '-c', 'export PYTHONPATH=/opt/***/etl/extract:$PYTHONPATH && python /opt/***/etl/extract/extract_fixtures.py']
[2026-05-19T14:11:31.209+0000] {subprocess.py:86} INFO - Output:
[2026-05-19T14:12:06.666+0000] {job.py:218} ERROR - Job heartbeat got an exception
Traceback (most recent call last):
  File "/home/airflow/.local/lib/python3.12/site-packages/sqlalchemy/engine/base.py", line 3371, in _wrap_pool_connect
    return fn()
           ^^^^
  File "/home/airflow/.local/lib/python3.12/site-packages/sqlalchemy/pool/base.py", line 327, in connect
    return _ConnectionFairy._checkout(self)
           ^^^^^^^^^^^^^^^^^^^^^^^^^^^^^^^^
  File "/home/airflow/.local/lib/python3.12/site-packages/sqlalchemy/pool/base.py", line 894, in _checkout
    fairy = _ConnectionRecord.checkout(pool)
            ^^^^^^^^^^^^^^^^^^^^^^^^^^^^^^^^
  File "/home/airflow/.local/lib/python3.12/site-packages/sqlalchemy/pool/base.py", line 493, in checkout
    rec = pool._do_get()
          ^^^^^^^^^^^^^^
  File "/home/airflow/.local/lib/python3.12/site-packages/sqlalchemy/pool/impl.py", line 256, in _do_get
    return self._create_connection()
           ^^^^^^^^^^^^^^^^^^^^^^^^^
  File "/home/airflow/.local/lib/python3.12/site-packages/sqlalchemy/pool/base.py", line 273, in _create_connection
    return _ConnectionRecord(self)
           ^^^^^^^^^^^^^^^^^^^^^^^
  File "/home/airflow/.local/lib/python3.12/site-packages/sqlalchemy/pool/base.py", line 388, in __init__
    self.__connect()
  File "/home/airflow/.local/lib/python3.12/site-packages/sqlalchemy/pool/base.py", line 690, in __connect
    with util.safe_reraise():
  File "/home/airflow/.local/lib/python3.12/site-packages/sqlalchemy/util/langhelpers.py", line 70, in __exit__
    compat.raise_(
  File "/home/airflow/.local/lib/python3.12/site-packages/sqlalchemy/util/compat.py", line 211, in raise_
    raise exception
  File "/home/airflow/.local/lib/python3.12/site-packages/sqlalchemy/pool/base.py", line 686, in __connect
    self.dbapi_connection = connection = pool._invoke_creator(self)
                                         ^^^^^^^^^^^^^^^^^^^^^^^^^^
  File "/home/airflow/.local/lib/python3.12/site-packages/sqlalchemy/engine/create.py", line 574, in connect
    return dialect.connect(*cargs, **cparams)
           ^^^^^^^^^^^^^^^^^^^^^^^^^^^^^^^^^^
  File "/home/airflow/.local/lib/python3.12/site-packages/sqlalchemy/engine/default.py", line 598, in connect
    return self.dbapi.connect(*cargs, **cparams)
           ^^^^^^^^^^^^^^^^^^^^^^^^^^^^^^^^^^^^^
  File "/home/airflow/.local/lib/python3.12/site-packages/psycopg2/__init__.py", line 122, in connect
    conn = _connect(dsn, connection_factory=connection_factory, **kwasync)
           ^^^^^^^^^^^^^^^^^^^^^^^^^^^^^^^^^^^^^^^^^^^^^^^^^^^^^^^^^^^^^^^
psycopg2.OperationalError: could not translate host name "postgres" to address: Temporary failure in name resolution


The above exception was the direct cause of the following exception:

Traceback (most recent call last):
  File "/home/airflow/.local/lib/python3.12/site-packages/airflow/jobs/job.py", line 192, in heartbeat
    self._merge_from(Job._fetch_from_db(self, session))
                     ^^^^^^^^^^^^^^^^^^^^^^^^^^^^^^^^^
  File "/home/airflow/.local/lib/python3.12/site-packages/airflow/api_internal/internal_api_call.py", line 115, in wrapper
    return func(*args, **kwargs)
           ^^^^^^^^^^^^^^^^^^^^^
  File "/home/airflow/.local/lib/python3.12/site-packages/airflow/utils/session.py", line 76, in wrapper
    return func(*args, **kwargs)
           ^^^^^^^^^^^^^^^^^^^^^
  File "/home/airflow/.local/lib/python3.12/site-packages/airflow/utils/retries.py", line 89, in wrapped_function
    for attempt in run_with_db_retries(max_retries=retries, logger=logger, **retry_kwargs):
  File "/home/airflow/.local/lib/python3.12/site-packages/tenacity/__init__.py", line 347, in __iter__
    do = self.iter(retry_state=retry_state)
         ^^^^^^^^^^^^^^^^^^^^^^^^^^^^^^^^^^
  File "/home/airflow/.local/lib/python3.12/site-packages/tenacity/__init__.py", line 325, in iter
    raise retry_exc.reraise()
          ^^^^^^^^^^^^^^^^^^^
  File "/home/airflow/.local/lib/python3.12/site-packages/tenacity/__init__.py", line 158, in reraise
    raise self.last_attempt.result()
          ^^^^^^^^^^^^^^^^^^^^^^^^^^
  File "/usr/local/lib/python3.12/concurrent/futures/_base.py", line 449, in result
    return self.__get_result()
           ^^^^^^^^^^^^^^^^^^^
  File "/usr/local/lib/python3.12/concurrent/futures/_base.py", line 401, in __get_result
    raise self._exception
  File "/home/airflow/.local/lib/python3.12/site-packages/airflow/utils/retries.py", line 98, in wrapped_function
    return func(*args, **kwargs)
           ^^^^^^^^^^^^^^^^^^^^^
  File "/home/airflow/.local/lib/python3.12/site-packages/airflow/jobs/job.py", line 316, in _fetch_from_db
    session.merge(job)
  File "/home/airflow/.local/lib/python3.12/site-packages/sqlalchemy/orm/session.py", line 3056, in merge
    return self._merge(
           ^^^^^^^^^^^^
  File "/home/airflow/.local/lib/python3.12/site-packages/sqlalchemy/orm/session.py", line 3136, in _merge
    merged = self.get(
             ^^^^^^^^^
  File "/home/airflow/.local/lib/python3.12/site-packages/sqlalchemy/orm/session.py", line 2853, in get
    return self._get_impl(
           ^^^^^^^^^^^^^^^
  File "/home/airflow/.local/lib/python3.12/site-packages/sqlalchemy/orm/session.py", line 2975, in _get_impl
    return db_load_fn(
           ^^^^^^^^^^^
  File "/home/airflow/.local/lib/python3.12/site-packages/sqlalchemy/orm/loading.py", line 530, in load_on_pk_identity
    session.execute(
  File "/home/airflow/.local/lib/python3.12/site-packages/sqlalchemy/orm/session.py", line 1716, in execute
    conn = self._connection_for_bind(bind)
           ^^^^^^^^^^^^^^^^^^^^^^^^^^^^^^^
  File "/home/airflow/.local/lib/python3.12/site-packages/sqlalchemy/orm/session.py", line 1555, in _connection_for_bind
    return self._transaction._connection_for_bind(
           ^^^^^^^^^^^^^^^^^^^^^^^^^^^^^^^^^^^^^^^
  File "/home/airflow/.local/lib/python3.12/site-packages/sqlalchemy/orm/session.py", line 750, in _connection_for_bind
    conn = bind.connect()
           ^^^^^^^^^^^^^^
  File "/home/airflow/.local/lib/python3.12/site-packages/sqlalchemy/future/engine.py", line 412, in connect
    return super(Engine, self).connect()
           ^^^^^^^^^^^^^^^^^^^^^^^^^^^^^
  File "/home/airflow/.local/lib/python3.12/site-packages/sqlalchemy/engine/base.py", line 3325, in connect
    return self._connection_cls(self, close_with_result=close_with_result)
           ^^^^^^^^^^^^^^^^^^^^^^^^^^^^^^^^^^^^^^^^^^^^^^^^^^^^^^^^^^^^^^^
  File "/home/airflow/.local/lib/python3.12/site-packages/sqlalchemy/engine/base.py", line 96, in __init__
    else engine.raw_connection()
         ^^^^^^^^^^^^^^^^^^^^^^^
  File "/home/airflow/.local/lib/python3.12/site-packages/sqlalchemy/engine/base.py", line 3404, in raw_connection
    return self._wrap_pool_connect(self.pool.connect, _connection)
           ^^^^^^^^^^^^^^^^^^^^^^^^^^^^^^^^^^^^^^^^^^^^^^^^^^^^^^^
  File "/home/airflow/.local/lib/python3.12/site-packages/sqlalchemy/engine/base.py", line 3374, in _wrap_pool_connect
    Connection._handle_dbapi_exception_noconnection(
  File "/home/airflow/.local/lib/python3.12/site-packages/sqlalchemy/engine/base.py", line 2208, in _handle_dbapi_exception_noconnection
    util.raise_(
  File "/home/airflow/.local/lib/python3.12/site-packages/sqlalchemy/util/compat.py", line 211, in raise_
    raise exception
  File "/home/airflow/.local/lib/python3.12/site-packages/sqlalchemy/engine/base.py", line 3371, in _wrap_pool_connect
    return fn()
           ^^^^
  File "/home/airflow/.local/lib/python3.12/site-packages/sqlalchemy/pool/base.py", line 327, in connect
    return _ConnectionFairy._checkout(self)
           ^^^^^^^^^^^^^^^^^^^^^^^^^^^^^^^^
  File "/home/airflow/.local/lib/python3.12/site-packages/sqlalchemy/pool/base.py", line 894, in _checkout
    fairy = _ConnectionRecord.checkout(pool)
            ^^^^^^^^^^^^^^^^^^^^^^^^^^^^^^^^
  File "/home/airflow/.local/lib/python3.12/site-packages/sqlalchemy/pool/base.py", line 493, in checkout
    rec = pool._do_get()
          ^^^^^^^^^^^^^^
  File "/home/airflow/.local/lib/python3.12/site-packages/sqlalchemy/pool/impl.py", line 256, in _do_get
    return self._create_connection()
           ^^^^^^^^^^^^^^^^^^^^^^^^^
  File "/home/airflow/.local/lib/python3.12/site-packages/sqlalchemy/pool/base.py", line 273, in _create_connection
    return _ConnectionRecord(self)
           ^^^^^^^^^^^^^^^^^^^^^^^
  File "/home/airflow/.local/lib/python3.12/site-packages/sqlalchemy/pool/base.py", line 388, in __init__
    self.__connect()
  File "/home/airflow/.local/lib/python3.12/site-packages/sqlalchemy/pool/base.py", line 690, in __connect
    with util.safe_reraise():
  File "/home/airflow/.local/lib/python3.12/site-packages/sqlalchemy/util/langhelpers.py", line 70, in __exit__
    compat.raise_(
  File "/home/airflow/.local/lib/python3.12/site-packages/sqlalchemy/util/compat.py", line 211, in raise_
    raise exception
  File "/home/airflow/.local/lib/python3.12/site-packages/sqlalchemy/pool/base.py", line 686, in __connect
    self.dbapi_connection = connection = pool._invoke_creator(self)
                                         ^^^^^^^^^^^^^^^^^^^^^^^^^^
  File "/home/airflow/.local/lib/python3.12/site-packages/sqlalchemy/engine/create.py", line 574, in connect
    return dialect.connect(*cargs, **cparams)
           ^^^^^^^^^^^^^^^^^^^^^^^^^^^^^^^^^^
  File "/home/airflow/.local/lib/python3.12/site-packages/sqlalchemy/engine/default.py", line 598, in connect
    return self.dbapi.connect(*cargs, **cparams)
           ^^^^^^^^^^^^^^^^^^^^^^^^^^^^^^^^^^^^^
  File "/home/airflow/.local/lib/python3.12/site-packages/psycopg2/__init__.py", line 122, in connect
    conn = _connect(dsn, connection_factory=connection_factory, **kwasync)
           ^^^^^^^^^^^^^^^^^^^^^^^^^^^^^^^^^^^^^^^^^^^^^^^^^^^^^^^^^^^^^^^
sqlalchemy.exc.OperationalError: (psycopg2.OperationalError) could not translate host name "postgres" to address: Temporary failure in name resolution

(Background on this error at: https://sqlalche.me/e/14/e3q8)
[2026-05-19T14:12:06.869+0000] {job.py:226} ERROR - Job heartbeat failed with error. Scheduler is in unhealthy state
[2026-05-19T14:12:15.209+0000] {subprocess.py:93} INFO - Starting fixtures extraction
[2026-05-19T14:12:15.270+0000] {subprocess.py:93} INFO - Traceback (most recent call last):
[2026-05-19T14:12:15.273+0000] {subprocess.py:93} INFO -   File "/home/***/.local/lib/python3.12/site-packages/urllib3/connection.py", line 198, in _new_conn
[2026-05-19T14:12:15.278+0000] {subprocess.py:93} INFO -     sock = connection.create_connection(
[2026-05-19T14:12:15.279+0000] {subprocess.py:93} INFO -            ^^^^^^^^^^^^^^^^^^^^^^^^^^^^^
[2026-05-19T14:12:15.280+0000] {subprocess.py:93} INFO -   File "/home/***/.local/lib/python3.12/site-packages/urllib3/util/connection.py", line 60, in create_connection
[2026-05-19T14:12:15.282+0000] {subprocess.py:93} INFO -     for res in socket.getaddrinfo(host, port, family, socket.SOCK_STREAM):
[2026-05-19T14:12:15.283+0000] {subprocess.py:93} INFO -                ^^^^^^^^^^^^^^^^^^^^^^^^^^^^^^^^^^^^^^^^^^^^^^^^^^^^^^^^^^
[2026-05-19T14:12:15.284+0000] {subprocess.py:93} INFO -   File "/usr/local/lib/python3.12/socket.py", line 963, in getaddrinfo
[2026-05-19T14:12:15.285+0000] {subprocess.py:93} INFO -     for res in _socket.getaddrinfo(host, port, family, type, proto, flags):
[2026-05-19T14:12:15.286+0000] {subprocess.py:93} INFO -                ^^^^^^^^^^^^^^^^^^^^^^^^^^^^^^^^^^^^^^^^^^^^^^^^^^^^^^^^^^^
[2026-05-19T14:12:15.287+0000] {subprocess.py:93} INFO - socket.gaierror: [Errno -3] Temporary failure in name resolution
[2026-05-19T14:12:15.288+0000] {subprocess.py:93} INFO - 
[2026-05-19T14:12:15.289+0000] {subprocess.py:93} INFO - The above exception was the direct cause of the following exception:
[2026-05-19T14:12:15.290+0000] {subprocess.py:93} INFO - 
[2026-05-19T14:12:15.291+0000] {subprocess.py:93} INFO - Traceback (most recent call last):
[2026-05-19T14:12:15.291+0000] {subprocess.py:93} INFO -   File "/home/***/.local/lib/python3.12/site-packages/urllib3/connectionpool.py", line 793, in urlopen
[2026-05-19T14:12:15.292+0000] {subprocess.py:93} INFO -     response = self._make_request(
[2026-05-19T14:12:15.293+0000] {subprocess.py:93} INFO -                ^^^^^^^^^^^^^^^^^^^
[2026-05-19T14:12:15.294+0000] {subprocess.py:93} INFO -   File "/home/***/.local/lib/python3.12/site-packages/urllib3/connectionpool.py", line 491, in _make_request
[2026-05-19T14:12:15.295+0000] {subprocess.py:93} INFO -     raise new_e
[2026-05-19T14:12:15.295+0000] {subprocess.py:93} INFO -   File "/home/***/.local/lib/python3.12/site-packages/urllib3/connectionpool.py", line 467, in _make_request
[2026-05-19T14:12:15.296+0000] {subprocess.py:93} INFO -     self._validate_conn(conn)
[2026-05-19T14:12:15.297+0000] {subprocess.py:93} INFO -   File "/home/***/.local/lib/python3.12/site-packages/urllib3/connectionpool.py", line 1099, in _validate_conn
[2026-05-19T14:12:15.298+0000] {subprocess.py:93} INFO -     conn.connect()
[2026-05-19T14:12:15.298+0000] {subprocess.py:93} INFO -   File "/home/***/.local/lib/python3.12/site-packages/urllib3/connection.py", line 616, in connect
[2026-05-19T14:12:15.300+0000] {subprocess.py:93} INFO -     self.sock = sock = self._new_conn()
[2026-05-19T14:12:15.301+0000] {subprocess.py:93} INFO -                        ^^^^^^^^^^^^^^^^
[2026-05-19T14:12:15.302+0000] {subprocess.py:93} INFO -   File "/home/***/.local/lib/python3.12/site-packages/urllib3/connection.py", line 205, in _new_conn
[2026-05-19T14:12:15.302+0000] {subprocess.py:93} INFO -     raise NameResolutionError(self.host, self, e) from e
[2026-05-19T14:12:15.303+0000] {subprocess.py:93} INFO - urllib3.exceptions.NameResolutionError: <urllib3.connection.HTTPSConnection object at 0x74c5f995e360>: Failed to resolve 'v3.football.api-sports.io' ([Errno -3] Temporary failure in name resolution)
[2026-05-19T14:12:15.304+0000] {subprocess.py:93} INFO - 
[2026-05-19T14:12:15.305+0000] {subprocess.py:93} INFO - The above exception was the direct cause of the following exception:
[2026-05-19T14:12:15.306+0000] {subprocess.py:93} INFO - 
[2026-05-19T14:12:15.307+0000] {subprocess.py:93} INFO - Traceback (most recent call last):
[2026-05-19T14:12:15.308+0000] {subprocess.py:93} INFO -   File "/home/***/.local/lib/python3.12/site-packages/requests/adapters.py", line 486, in send
[2026-05-19T14:12:15.308+0000] {subprocess.py:93} INFO -     resp = conn.urlopen(
[2026-05-19T14:12:15.309+0000] {subprocess.py:93} INFO -            ^^^^^^^^^^^^^
[2026-05-19T14:12:15.309+0000] {subprocess.py:93} INFO -   File "/home/***/.local/lib/python3.12/site-packages/urllib3/connectionpool.py", line 877, in urlopen
[2026-05-19T14:12:15.310+0000] {subprocess.py:93} INFO -     return self.urlopen(
[2026-05-19T14:12:15.311+0000] {subprocess.py:93} INFO -            ^^^^^^^^^^^^^
[2026-05-19T14:12:15.311+0000] {subprocess.py:93} INFO -   File "/home/***/.local/lib/python3.12/site-packages/urllib3/connectionpool.py", line 877, in urlopen
[2026-05-19T14:12:15.312+0000] {subprocess.py:93} INFO -     return self.urlopen(
[2026-05-19T14:12:15.312+0000] {subprocess.py:93} INFO -            ^^^^^^^^^^^^^
[2026-05-19T14:12:15.313+0000] {subprocess.py:93} INFO -   File "/home/***/.local/lib/python3.12/site-packages/urllib3/connectionpool.py", line 877, in urlopen
[2026-05-19T14:12:15.314+0000] {subprocess.py:93} INFO -     return self.urlopen(
[2026-05-19T14:12:15.314+0000] {subprocess.py:93} INFO -            ^^^^^^^^^^^^^
[2026-05-19T14:12:15.315+0000] {subprocess.py:93} INFO -   File "/home/***/.local/lib/python3.12/site-packages/urllib3/connectionpool.py", line 847, in urlopen
[2026-05-19T14:12:15.315+0000] {subprocess.py:93} INFO -     retries = retries.increment(
[2026-05-19T14:12:15.316+0000] {subprocess.py:93} INFO -               ^^^^^^^^^^^^^^^^^^
[2026-05-19T14:12:15.316+0000] {subprocess.py:93} INFO -   File "/home/***/.local/lib/python3.12/site-packages/urllib3/util/retry.py", line 515, in increment
[2026-05-19T14:12:15.317+0000] {subprocess.py:93} INFO -     raise MaxRetryError(_pool, url, reason) from reason  # type: ignore[arg-type]
[2026-05-19T14:12:15.317+0000] {subprocess.py:93} INFO -     ^^^^^^^^^^^^^^^^^^^^^^^^^^^^^^^^^^^^^^^^^^^^^^^^^^^
[2026-05-19T14:12:15.318+0000] {subprocess.py:93} INFO - urllib3.exceptions.MaxRetryError: HTTPSConnectionPool(host='v3.football.api-sports.io', port=443): Max retries exceeded with url: /fixtures?league=39&season=2022 (Caused by NameResolutionError("<urllib3.connection.HTTPSConnection object at 0x74c5f995e360>: Failed to resolve 'v3.football.api-sports.io' ([Errno -3] Temporary failure in name resolution)"))
[2026-05-19T14:12:15.318+0000] {subprocess.py:93} INFO - 
[2026-05-19T14:12:15.319+0000] {subprocess.py:93} INFO - During handling of the above exception, another exception occurred:
[2026-05-19T14:12:15.319+0000] {subprocess.py:93} INFO - 
[2026-05-19T14:12:15.320+0000] {subprocess.py:93} INFO - Traceback (most recent call last):
[2026-05-19T14:12:15.321+0000] {subprocess.py:93} INFO -   File "/opt/***/etl/extract/extract_fixtures.py", line 46, in <module>
[2026-05-19T14:12:15.322+0000] {subprocess.py:93} INFO -     response = extract_fixtures()
[2026-05-19T14:12:15.322+0000] {subprocess.py:93} INFO -                ^^^^^^^^^^^^^^^^^^
[2026-05-19T14:12:15.323+0000] {subprocess.py:93} INFO -   File "/opt/***/etl/extract/extract_fixtures.py", line 14, in extract_fixtures
[2026-05-19T14:12:15.323+0000] {subprocess.py:93} INFO -     response = client.request(
[2026-05-19T14:12:15.324+0000] {subprocess.py:93} INFO -                ^^^^^^^^^^^^^^^
[2026-05-19T14:12:15.325+0000] {subprocess.py:93} INFO -   File "/opt/***/etl/extract/api_client.py", line 77, in request
[2026-05-19T14:12:15.325+0000] {subprocess.py:93} INFO -     raise exc
[2026-05-19T14:12:15.326+0000] {subprocess.py:93} INFO -   File "/opt/***/etl/extract/api_client.py", line 49, in request
[2026-05-19T14:12:15.327+0000] {subprocess.py:93} INFO -     response = self.session.get(url, params=params, timeout=self.timeout)
[2026-05-19T14:12:15.328+0000] {subprocess.py:93} INFO -                ^^^^^^^^^^^^^^^^^^^^^^^^^^^^^^^^^^^^^^^^^^^^^^^^^^^^^^^^^^
[2026-05-19T14:12:15.328+0000] {subprocess.py:93} INFO -   File "/home/***/.local/lib/python3.12/site-packages/requests/sessions.py", line 602, in get
[2026-05-19T14:12:15.329+0000] {subprocess.py:93} INFO -     return self.request("GET", url, **kwargs)
[2026-05-19T14:12:15.330+0000] {subprocess.py:93} INFO -            ^^^^^^^^^^^^^^^^^^^^^^^^^^^^^^^^^^
[2026-05-19T14:12:15.331+0000] {subprocess.py:93} INFO -   File "/home/***/.local/lib/python3.12/site-packages/requests/sessions.py", line 589, in request
[2026-05-19T14:12:15.331+0000] {subprocess.py:93} INFO -     resp = self.send(prep, **send_kwargs)
[2026-05-19T14:12:15.332+0000] {subprocess.py:93} INFO -            ^^^^^^^^^^^^^^^^^^^^^^^^^^^^^^
[2026-05-19T14:12:15.332+0000] {subprocess.py:93} INFO -   File "/home/***/.local/lib/python3.12/site-packages/requests/sessions.py", line 703, in send
[2026-05-19T14:12:15.333+0000] {subprocess.py:93} INFO -     r = adapter.send(request, **kwargs)
[2026-05-19T14:12:15.334+0000] {subprocess.py:93} INFO -         ^^^^^^^^^^^^^^^^^^^^^^^^^^^^^^^
[2026-05-19T14:12:15.335+0000] {subprocess.py:93} INFO -   File "/home/***/.local/lib/python3.12/site-packages/requests/adapters.py", line 519, in send
[2026-05-19T14:12:15.335+0000] {subprocess.py:93} INFO -     raise ConnectionError(e, request=request)
[2026-05-19T14:12:15.336+0000] {subprocess.py:93} INFO - requests.exceptions.ConnectionError: HTTPSConnectionPool(host='v3.football.api-sports.io', port=443): Max retries exceeded with url: /fixtures?league=39&season=2022 (Caused by NameResolutionError("<urllib3.connection.HTTPSConnection object at 0x74c5f995e360>: Failed to resolve 'v3.football.api-sports.io' ([Errno -3] Temporary failure in name resolution)"))
[2026-05-19T14:12:15.559+0000] {subprocess.py:97} INFO - Command exited with return code 1
[2026-05-19T14:12:15.580+0000] {taskinstance.py:441} INFO - ::group::Post task execution logs
[2026-05-19T14:12:32.335+0000] {job.py:226} ERROR - Job heartbeat failed with error. Scheduler is in unhealthy state
[2026-05-19T14:13:07.292+0000] {standard_task_runner.py:110} ERROR - Failed to execute job 29 for task extract_fixtures ((psycopg2.OperationalError) could not translate host name "postgres" to address: Temporary failure in name resolution

(Background on this error at: https://sqlalche.me/e/14/e3q8); 8513)
[2026-05-19T14:13:08.280+0000] {local_task_job_runner.py:240} INFO - Task exited with return code 1
[2026-05-19T14:13:08.312+0000] {taskinstance.py:3498} INFO - 0 downstream tasks scheduled from follow-on schedule check
[2026-05-19T14:13:08.319+0000] {local_task_job_runner.py:222} INFO - ::endgroup::
