[2026-05-19T14:46:02.910+0000] {local_task_job_runner.py:120} INFO - ::group::Pre task execution logs
[2026-05-19T14:46:02.956+0000] {taskinstance.py:2076} INFO - Dependencies all met for dep_context=non-requeueable deps ti=<TaskInstance: football_etl_pipeline.extract_fixtures manual__2026-05-19T14:11:22.277882+00:00 [queued]>
[2026-05-19T14:46:02.971+0000] {taskinstance.py:2076} INFO - Dependencies all met for dep_context=requeueable deps ti=<TaskInstance: football_etl_pipeline.extract_fixtures manual__2026-05-19T14:11:22.277882+00:00 [queued]>
[2026-05-19T14:46:02.972+0000] {taskinstance.py:2306} INFO - Starting attempt 2 of 2
[2026-05-19T14:46:02.994+0000] {taskinstance.py:2330} INFO - Executing <Task(BashOperator): extract_fixtures> on 2026-05-19 14:11:22.277882+00:00
[2026-05-19T14:46:03.007+0000] {warnings.py:110} WARNING - /home/***/.local/lib/python3.12/site-packages/***/task/task_runner/standard_task_runner.py:61: DeprecationWarning: This process (pid=89) is multi-threaded, use of fork() may lead to deadlocks in the child.
  pid = os.fork()

[2026-05-19T14:46:03.012+0000] {standard_task_runner.py:63} INFO - Started process 98 to run task
[2026-05-19T14:46:03.010+0000] {standard_task_runner.py:90} INFO - Running: ['***', 'tasks', 'run', 'football_etl_pipeline', 'extract_fixtures', 'manual__2026-05-19T14:11:22.277882+00:00', '--job-id', '32', '--raw', '--subdir', 'DAGS_FOLDER/football_etl_dag.py', '--cfg-path', '/tmp/tmp2dtthn18']
[2026-05-19T14:46:03.014+0000] {standard_task_runner.py:91} INFO - Job 32: Subtask extract_fixtures
[2026-05-19T14:46:03.143+0000] {task_command.py:426} INFO - Running <TaskInstance: football_etl_pipeline.extract_fixtures manual__2026-05-19T14:11:22.277882+00:00 [running]> on host ab5f3f5d4c31
[2026-05-19T14:46:03.451+0000] {taskinstance.py:2648} INFO - Exporting env vars: AIRFLOW_CTX_DAG_OWNER='***' AIRFLOW_CTX_DAG_ID='football_etl_pipeline' AIRFLOW_CTX_TASK_ID='extract_fixtures' AIRFLOW_CTX_EXECUTION_DATE='2026-05-19T14:11:22.277882+00:00' AIRFLOW_CTX_TRY_NUMBER='2' AIRFLOW_CTX_DAG_RUN_ID='manual__2026-05-19T14:11:22.277882+00:00'
[2026-05-19T14:46:03.457+0000] {taskinstance.py:430} INFO - ::endgroup::
[2026-05-19T14:46:03.461+0000] {subprocess.py:63} INFO - Tmp dir root location: /tmp
[2026-05-19T14:46:03.462+0000] {subprocess.py:75} INFO - Running command: ['/usr/bin/bash', '-c', 'export PYTHONPATH=/opt/***/etl/extract:$PYTHONPATH && python /opt/***/etl/extract/extract_fixtures.py']
[2026-05-19T14:46:03.658+0000] {subprocess.py:86} INFO - Output:
[2026-05-19T14:46:07.976+0000] {subprocess.py:93} INFO - Starting fixtures extraction
[2026-05-19T14:46:07.977+0000] {subprocess.py:93} INFO - Fixtures extraction complete
[2026-05-19T14:46:07.978+0000] {subprocess.py:93} INFO - Saved /opt/***/etl/output/fixtures.json
[2026-05-19T14:46:08.045+0000] {subprocess.py:97} INFO - Command exited with return code 0
[2026-05-19T14:46:08.047+0000] {taskinstance.py:441} INFO - ::group::Post task execution logs
[2026-05-19T14:46:08.075+0000] {taskinstance.py:1206} INFO - Marking task as SUCCESS. dag_id=football_etl_pipeline, task_id=extract_fixtures, run_id=manual__2026-05-19T14:11:22.277882+00:00, execution_date=20260519T141122, start_date=20260519T144602, end_date=20260519T144608
[2026-05-19T14:46:08.094+0000] {local_task_job_runner.py:240} INFO - Task exited with return code 0
[2026-05-19T14:46:08.115+0000] {taskinstance.py:3498} INFO - 1 downstream tasks scheduled from follow-on schedule check
[2026-05-19T14:46:08.117+0000] {local_task_job_runner.py:222} INFO - ::endgroup::
