[2026-05-19T06:11:48.651+0000] {local_task_job_runner.py:120} INFO - ::group::Pre task execution logs
[2026-05-19T06:11:48.691+0000] {taskinstance.py:2076} INFO - Dependencies all met for dep_context=non-requeueable deps ti=<TaskInstance: football_etl_pipeline.load_goal_events manual__2026-05-19T06:10:35.279845+00:00 [queued]>
[2026-05-19T06:11:48.706+0000] {taskinstance.py:2076} INFO - Dependencies all met for dep_context=requeueable deps ti=<TaskInstance: football_etl_pipeline.load_goal_events manual__2026-05-19T06:10:35.279845+00:00 [queued]>
[2026-05-19T06:11:48.707+0000] {taskinstance.py:2306} INFO - Starting attempt 1 of 1
[2026-05-19T06:11:48.733+0000] {taskinstance.py:2330} INFO - Executing <Task(BashOperator): load_goal_events> on 2026-05-19 06:10:35.279845+00:00
[2026-05-19T06:11:48.748+0000] {warnings.py:110} WARNING - /home/***/.local/lib/python3.12/site-packages/***/task/task_runner/standard_task_runner.py:61: DeprecationWarning: This process (pid=2240) is multi-threaded, use of fork() may lead to deadlocks in the child.
  pid = os.fork()

[2026-05-19T06:11:48.751+0000] {standard_task_runner.py:63} INFO - Started process 2242 to run task
[2026-05-19T06:11:48.750+0000] {standard_task_runner.py:90} INFO - Running: ['***', 'tasks', 'run', 'football_etl_pipeline', 'load_goal_events', 'manual__2026-05-19T06:10:35.279845+00:00', '--job-id', '28', '--raw', '--subdir', 'DAGS_FOLDER/football_etl_dag.py', '--cfg-path', '/tmp/tmpp12a7gn4']
[2026-05-19T06:11:48.755+0000] {standard_task_runner.py:91} INFO - Job 28: Subtask load_goal_events
[2026-05-19T06:11:48.848+0000] {task_command.py:426} INFO - Running <TaskInstance: football_etl_pipeline.load_goal_events manual__2026-05-19T06:10:35.279845+00:00 [running]> on host 1fc74b92fe5a
[2026-05-19T06:11:48.972+0000] {taskinstance.py:2648} INFO - Exporting env vars: AIRFLOW_CTX_DAG_OWNER='***' AIRFLOW_CTX_DAG_ID='football_etl_pipeline' AIRFLOW_CTX_TASK_ID='load_goal_events' AIRFLOW_CTX_EXECUTION_DATE='2026-05-19T06:10:35.279845+00:00' AIRFLOW_CTX_TRY_NUMBER='1' AIRFLOW_CTX_DAG_RUN_ID='manual__2026-05-19T06:10:35.279845+00:00'
[2026-05-19T06:11:48.974+0000] {taskinstance.py:430} INFO - ::endgroup::
[2026-05-19T06:11:48.977+0000] {subprocess.py:63} INFO - Tmp dir root location: /tmp
[2026-05-19T06:11:48.979+0000] {subprocess.py:75} INFO - Running command: ['/usr/bin/bash', '-c', 'export PYTHONPATH=/opt/***/etl/load:$PYTHONPATH && python /opt/***/etl/load/load_goal_event_data.py']
[2026-05-19T06:11:48.997+0000] {subprocess.py:86} INFO - Output:
[2026-05-19T06:12:10.676+0000] {subprocess.py:93} INFO - Inserted 1084 rows
[2026-05-19T06:12:10.859+0000] {subprocess.py:97} INFO - Command exited with return code 0
[2026-05-19T06:12:10.863+0000] {taskinstance.py:441} INFO - ::group::Post task execution logs
[2026-05-19T06:12:10.961+0000] {taskinstance.py:1206} INFO - Marking task as SUCCESS. dag_id=football_etl_pipeline, task_id=load_goal_events, run_id=manual__2026-05-19T06:10:35.279845+00:00, execution_date=20260519T061035, start_date=20260519T061148, end_date=20260519T061210
[2026-05-19T06:12:10.996+0000] {local_task_job_runner.py:240} INFO - Task exited with return code 0
[2026-05-19T06:12:11.032+0000] {taskinstance.py:3498} INFO - 0 downstream tasks scheduled from follow-on schedule check
[2026-05-19T06:12:11.034+0000] {local_task_job_runner.py:222} INFO - ::endgroup::
