[2026-05-19T06:11:25.022+0000] {local_task_job_runner.py:120} INFO - ::group::Pre task execution logs
[2026-05-19T06:11:25.076+0000] {taskinstance.py:2076} INFO - Dependencies all met for dep_context=non-requeueable deps ti=<TaskInstance: football_etl_pipeline.extract_events manual__2026-05-19T06:10:35.279845+00:00 [queued]>
[2026-05-19T06:11:25.094+0000] {taskinstance.py:2076} INFO - Dependencies all met for dep_context=requeueable deps ti=<TaskInstance: football_etl_pipeline.extract_events manual__2026-05-19T06:10:35.279845+00:00 [queued]>
[2026-05-19T06:11:25.098+0000] {taskinstance.py:2306} INFO - Starting attempt 1 of 1
[2026-05-19T06:11:25.128+0000] {taskinstance.py:2330} INFO - Executing <Task(BashOperator): extract_events> on 2026-05-19 06:10:35.279845+00:00
[2026-05-19T06:11:25.139+0000] {warnings.py:110} WARNING - /home/***/.local/lib/python3.12/site-packages/***/task/task_runner/standard_task_runner.py:61: DeprecationWarning: This process (pid=2191) is multi-threaded, use of fork() may lead to deadlocks in the child.
  pid = os.fork()

[2026-05-19T06:11:25.142+0000] {standard_task_runner.py:63} INFO - Started process 2201 to run task
[2026-05-19T06:11:25.141+0000] {standard_task_runner.py:90} INFO - Running: ['***', 'tasks', 'run', 'football_etl_pipeline', 'extract_events', 'manual__2026-05-19T06:10:35.279845+00:00', '--job-id', '26', '--raw', '--subdir', 'DAGS_FOLDER/football_etl_dag.py', '--cfg-path', '/tmp/tmp7uhe06xn']
[2026-05-19T06:11:25.163+0000] {standard_task_runner.py:91} INFO - Job 26: Subtask extract_events
[2026-05-19T06:11:25.246+0000] {task_command.py:426} INFO - Running <TaskInstance: football_etl_pipeline.extract_events manual__2026-05-19T06:10:35.279845+00:00 [running]> on host 1fc74b92fe5a
[2026-05-19T06:11:25.364+0000] {taskinstance.py:2648} INFO - Exporting env vars: AIRFLOW_CTX_DAG_OWNER='***' AIRFLOW_CTX_DAG_ID='football_etl_pipeline' AIRFLOW_CTX_TASK_ID='extract_events' AIRFLOW_CTX_EXECUTION_DATE='2026-05-19T06:10:35.279845+00:00' AIRFLOW_CTX_TRY_NUMBER='1' AIRFLOW_CTX_DAG_RUN_ID='manual__2026-05-19T06:10:35.279845+00:00'
[2026-05-19T06:11:25.368+0000] {taskinstance.py:430} INFO - ::endgroup::
[2026-05-19T06:11:25.388+0000] {subprocess.py:63} INFO - Tmp dir root location: /tmp
[2026-05-19T06:11:25.400+0000] {subprocess.py:75} INFO - Running command: ['/usr/bin/bash', '-c', 'export PYTHONPATH=/opt/***/etl/extract:$PYTHONPATH && python /opt/***/etl/extract/extract_events.py']
[2026-05-19T06:11:25.416+0000] {subprocess.py:86} INFO - Output:
[2026-05-19T06:11:27.176+0000] {subprocess.py:93} INFO - Need to process 0 new fixtures
[2026-05-19T06:11:27.209+0000] {subprocess.py:93} INFO - Done. Appended 0 records to /opt/***/etl/output/events.json
[2026-05-19T06:11:27.384+0000] {subprocess.py:97} INFO - Command exited with return code 0
[2026-05-19T06:11:27.401+0000] {taskinstance.py:441} INFO - ::group::Post task execution logs
[2026-05-19T06:11:33.488+0000] {taskinstance.py:1206} INFO - Marking task as SUCCESS. dag_id=football_etl_pipeline, task_id=extract_events, run_id=manual__2026-05-19T06:10:35.279845+00:00, execution_date=20260519T061035, start_date=20260519T061125, end_date=20260519T061133
[2026-05-19T06:11:33.561+0000] {local_task_job_runner.py:240} INFO - Task exited with return code 0
[2026-05-19T06:11:33.602+0000] {taskinstance.py:3498} INFO - 1 downstream tasks scheduled from follow-on schedule check
[2026-05-19T06:11:33.610+0000] {local_task_job_runner.py:222} INFO - ::endgroup::
